分类: 香港频道, 名称: 无线新闻台, 有效: 0, IPv4: 7, IPv6: 0, 最小延迟: 419 ms, 最高速率: 0.52 M/s, 平均速率: 0.00 M/s, 最高分辨率: 1920x1080, 平均帧率: 27.50, 视频编解码器: h264, 音频编解码器: ac3
分类: 香港频道, 名称: 翡翠台, 有效: 1, IPv4: 8, IPv6: 0, 最小延迟: 353 ms, 最高速率: 1.95 M/s, 平均速率: 1.95 M/s, 最高分辨率: 1920x1080, 平均帧率: 50.00, 视频编解码器: h264, 音频编解码器: aac
分类: 香港频道, 名称: HOY 76, 有效: 0, IPv4: 1, IPv6: 0, 最小延迟: -1 ms, 最高速率: 0.00 M/s, 平均速率: 0.00 M/s, 最高分辨率: None, 平均帧率: 未知, 视频编解码器: 未知, 音频编解码器: 未知
分类: 香港频道, 名称: HOY 78, 有效: 0, IPv4: 2, IPv6: 0, 最小延迟: -1 ms, 最高速率: 0.00 M/s, 平均速率: 0.00 M/s, 最高分辨率: None, 平均帧率: 未知, 视频编解码器: 未知, 音频编解码器: 未知
分类: 香港频道, 名称: NOW新闻台, 有效: 1, IPv4: 3, IPv6: 0, 最小延迟: 77 ms, 最高速率: 1.18 M/s, 平均速率: 1.18 M/s, 最高分辨率: 1280x720, 平均帧率: 50.00, 视频编解码器: h264, 音频编解码器: aac
分类: 香港频道, 名称: 明珠台, 有效: 0, IPv4: 6, IPv6: 0, 最小延迟: 397 ms, 最高速率: 0.20 M/s, 平均速率: 0.00 M/s, 最高分辨率: 1920x1080, 平均帧率: 25.00, 视频编解码器: h264, 音频编解码器: ac3
分类: 香港频道, 名称: 华丽翡翠台, 有效: 0, IPv4: 1, IPv6: 0, 最小延迟: -1 ms, 最高速率: 0.00 M/s, 平均速率: 0.00 M/s, 最高分辨率: None, 平均帧率: 未知, 视频编解码器: 未知, 音频编解码器: 未知
分类: 香港频道, 名称: 黃金華劇台, 有效: 0, IPv4: 1, IPv6: 0, 最小延迟: 326 ms, 最高速率: 0.00 M/s, 平均速率: 0.00 M/s, 最高分辨率: None, 平均帧率: 未知, 视频编解码器: 未知, 音频编解码器: 未知
分类: 香港频道, 名称: TVB Plus, 有效: 0, IPv4: 6, IPv6: 0, 最小延迟: 325 ms, 最高速率: 0.13 M/s, 平均速率: 0.00 M/s, 最高分辨率: None, 平均帧率: 未知, 视频编解码器: 未知, 音频编解码器: 未知
分类: 香港频道, 名称: 娛樂新聞台, 有效: 0, IPv4: 3, IPv6: 0, 最小延迟: 278 ms, 最高速率: 0.00 M/s, 平均速率: 0.00 M/s, 最高分辨率: None, 平均帧率: 未知, 视频编解码器: 未知, 音频编解码器: 未知
分类: 香港频道, 名称: HOY 77, 有效: 0, IPv4: 2, IPv6: 0, 最小延迟: -1 ms, 最高速率: 0.00 M/s, 平均速率: 0.00 M/s, 最高分辨率: None, 平均帧率: 未知, 视频编解码器: 未知, 音频编解码器: 未知
分类: 香港频道, 名称: ROCK Action, 有效: 0, IPv4: 2, IPv6: 0, 最小延迟: 326 ms, 最高速率: 0.00 M/s, 平均速率: 0.00 M/s, 最高分辨率: None, 平均帧率: 未知, 视频编解码器: 未知, 音频编解码器: 未知
分类: 香港频道, 名称: RTHK 31, 有效: 0, IPv4: 1, IPv6: 0, 最小延迟: -1 ms, 最高速率: 0.00 M/s, 平均速率: 0.00 M/s, 最高分辨率: None, 平均帧率: 未知, 视频编解码器: 未知, 音频编解码器: 未知
分类: 香港频道, 名称: VIUTVSIX, 有效: 0, IPv4: 1, IPv6: 0, 最小延迟: -1 ms, 最高速率: 0.00 M/s, 平均速率: 0.00 M/s, 最高分辨率: None, 平均帧率: 未知, 视频编解码器: 未知, 音频编解码器: 未知
分类: 香港频道, 名称: 澳门莲花, 有效: 0, IPv4: 1, IPv6: 0, 最小延迟: -1 ms, 最高速率: 0.00 M/s, 平均速率: 0.00 M/s, 最高分辨率: None, 平均帧率: 未知, 视频编解码器: 未知, 音频编解码器: 未知
分类: 香港频道, 名称: 澳视澳门, 有效: 0, IPv4: 1, IPv6: 0, 最小延迟: -1 ms, 最高速率: 0.00 M/s, 平均速率: 0.00 M/s, 最高分辨率: None, 平均帧率: 未知, 视频编解码器: 未知, 音频编解码器: 未知
分类: 香港频道, 名称: 澳视卫星, 有效: 0, IPv4: 1, IPv6: 0, 最小延迟: -1 ms, 最高速率: 0.00 M/s, 平均速率: 0.00 M/s, 最高分辨率: None, 平均帧率: 未知, 视频编解码器: 未知, 音频编解码器: 未知
分类: 香港频道, 名称: TVB J1, 有效: 0, IPv4: 4, IPv6: 0, 最小延迟: 288 ms, 最高速率: 0.00 M/s, 平均速率: 0.00 M/s, 最高分辨率: None, 平均帧率: 未知, 视频编解码器: 未知, 音频编解码器: 未知
分类: 香港频道, 名称: 翡翠剧集台, 有效: 0, IPv4: 1, IPv6: 0, 最小延迟: -1 ms, 最高速率: 0.00 M/s, 平均速率: 0.00 M/s, 最高分辨率: None, 平均帧率: 未知, 视频编解码器: 未知, 音频编解码器: 未知
分类: 香港频道, 名称: 凤凰电影, 有效: 0, IPv4: 2, IPv6: 0, 最小延迟: -1 ms, 最高速率: 0.00 M/s, 平均速率: 0.00 M/s, 最高分辨率: None, 平均帧率: 未知, 视频编解码器: 未知, 音频编解码器: 未知
分类: 香港频道, 名称: 凤凰香港, 有效: 0, IPv4: 2, IPv6: 0, 最小延迟: -1 ms, 最高速率: 0.00 M/s, 平均速率: 0.00 M/s, 最高分辨率: None, 平均帧率: 未知, 视频编解码器: 未知, 音频编解码器: 未知
分类: 香港频道, 名称: 凤凰资讯, 有效: 1, IPv4: 3, IPv6: 0, 最小延迟: 84 ms, 最高速率: 49.00 M/s, 平均速率: 49.00 M/s, 最高分辨率: 1920x1080, 平均帧率: 30.00, 视频编解码器: h264, 音频编解码器: aac
分类: 香港频道, 名称: Viu 頻道, 有效: 0, IPv4: 3, IPv6: 0, 最小延迟: 395 ms, 最高速率: 0.38 M/s, 平均速率: 0.00 M/s, 最高分辨率: 1920x1080, 平均帧率: 25.00, 视频编解码器: h264, 音频编解码器: ac3
分类: 香港频道, 名称: 凤凰中文, 有效: 1, IPv4: 5, IPv6: 0, 最小延迟: 78 ms, 最高速率: 50.69 M/s, 平均速率: 50.69 M/s, 最高分辨率: 1920x1080, 平均帧率: 30.00, 视频编解码器: h264, 音频编解码器: aac
分类: 香港频道, 名称: 星空卫视, 有效: 0, IPv4: 3, IPv6: 0, 最小延迟: -1 ms, 最高速率: 0.00 M/s, 平均速率: 0.00 M/s, 最高分辨率: None, 平均帧率: 未知, 视频编解码器: 未知, 音频编解码器: 未知
分类: 香港频道, 名称: 寰宇新聞台, 有效: 1, IPv4: 5, IPv6: 0, 最小延迟: 326 ms, 最高速率: 0.69 M/s, 平均速率: 0.69 M/s, 最高分辨率: 1920x1080, 平均帧率: 29.97, 视频编解码器: h264, 音频编解码器: aac
分类: 香港频道, 名称: 面包台, 有效: 0, IPv4: 1, IPv6: 0, 最小延迟: -1 ms, 最高速率: 0.00 M/s, 平均速率: 0.00 M/s, 最高分辨率: None, 平均帧率: 未知, 视频编解码器: 未知, 音频编解码器: 未知
分类: 香港频道, 名称: 星河台, 有效: 1, IPv4: 7, IPv6: 0, 最小延迟: 279 ms, 最高速率: 0.81 M/s, 平均速率: 0.81 M/s, 最高分辨率: 1280x720, 平均帧率: 50.00, 视频编解码器: h264, 音频编解码器: mp2
分类: 香港频道, 名称: 耀才财经, 有效: 0, IPv4: 2, IPv6: 0, 最小延迟: 208 ms, 最高速率: 1.28 M/s, 平均速率: 0.00 M/s, 最高分辨率: 1024x576, 平均帧率: 25.00, 视频编解码器: h264, 音频编解码器: aac
分类: 香港频道, 名称: NOW ROCK, 有效: 0, IPv4: 1, IPv6: 0, 最小延迟: -1 ms, 最高速率: 0.00 M/s, 平均速率: 0.00 M/s, 最高分辨率: None, 平均帧率: 未知, 视频编解码器: 未知, 音频编解码器: 未知
分类: 香港频道, 名称: NOW 90s00s, 有效: 0, IPv4: 1, IPv6: 0, 最小延迟: -1 ms, 最高速率: 0.00 M/s, 平均速率: 0.00 M/s, 最高分辨率: None, 平均帧率: 未知, 视频编解码器: 未知, 音频编解码器: 未知
分类: 香港频道, 名称: TRACE Urban, 有效: 0, IPv4: 1, IPv6: 0, 最小延迟: -1 ms, 最高速率: 0.00 M/s, 平均速率: 0.00 M/s, 最高分辨率: None, 平均帧率: 未知, 视频编解码器: 未知, 音频编解码器: 未知
分类: 香港频道, 名称: NewsWorld, 有效: 0, IPv4: 1, IPv6: 0, 最小延迟: -1 ms, 最高速率: 0.00 M/s, 平均速率: 0.00 M/s, 最高分辨率: None, 平均帧率: 未知, 视频编解码器: 未知, 音频编解码器: 未知
分类: 香港频道, 名称: NOW 80s, 有效: 1, IPv4: 2, IPv6: 0, 最小延迟: 863 ms, 最高速率: 3.32 M/s, 平均速率: 3.32 M/s, 最高分辨率: 1920x1080, 平均帧率: 25.00, 视频编解码器: 未知, 音频编解码器: 未知
分类: 香港频道, 名称: NOW 70s, 有效: 2, IPv4: 3, IPv6: 0, 最小延迟: 313 ms, 最高速率: 3.35 M/s, 平均速率: 2.52 M/s, 最高分辨率: 1280x720, 平均帧率: 25.00, 视频编解码器: 未知, 音频编解码器: 未知
分类: 香港频道, 名称: tvN, 有效: 1, IPv4: 2, IPv6: 0, 最小延迟: 1009 ms, 最高速率: 1.64 M/s, 平均速率: 1.64 M/s, 最高分辨率: 1920x1080, 平均帧率: 29.97, 视频编解码器: 未知, 音频编解码器: 未知
分类: 香港频道, 名称: 环球电视, 有效: 0, IPv4: 1, IPv6: 0, 最小延迟: -1 ms, 最高速率: 0.00 M/s, 平均速率: 0.00 M/s, 最高分辨率: None, 平均帧率: 未知, 视频编解码器: 未知, 音频编解码器: 未知
分类: 香港频道, 名称: Love Nature, 有效: 4, IPv4: 8, IPv6: 0, 最小延迟: 18 ms, 最高速率: 90.47 M/s, 平均速率: 24.78 M/s, 最高分辨率: 3840x2160, 平均帧率: 29.97, 视频编解码器: h264, 音频编解码器: aac
分类: 香港频道, 名称: 有线新闻, 有效: 12, IPv4: 14, IPv6: 0, 最小延迟: 140 ms, 最高速率: 0.43 M/s, 平均速率: 0.33 M/s, 最高分辨率: 1280x720, 平均帧率: 25.00, 视频编解码器: h264, 音频编解码器: aac
分类: 广东频道, 名称: 广东珠江, 有效: 10, IPv4: 33, IPv6: 0, 最小延迟: 87 ms, 最高速率: 4.17 M/s, 平均速率: 1.77 M/s, 最高分辨率: 1920x1080, 平均帧率: 30.77, 视频编解码器: h264, 音频编解码器: aac
分类: 广东频道, 名称: 广东体育, 有效: 5, IPv4: 6, IPv6: 0, 最小延迟: 59 ms, 最高速率: 5.64 M/s, 平均速率: 3.42 M/s, 最高分辨率: 1920x1080, 平均帧率: 39.00, 视频编解码器: h264, 音频编解码器: aac
分类: 广东频道, 名称: 广东新闻, 有效: 8, IPv4: 10, IPv6: 0, 最小延迟: 61 ms, 最高速率: 3.77 M/s, 平均速率: 1.67 M/s, 最高分辨率: 1280x720, 平均帧率: 42.50, 视频编解码器: h264, 音频编解码器: aac
分类: 广东频道, 名称: 广东影视, 有效: 0, IPv4: 2, IPv6: 0, 最小延迟: -1 ms, 最高速率: 0.00 M/s, 平均速率: 0.00 M/s, 最高分辨率: None, 平均帧率: 未知, 视频编解码器: 未知, 音频编解码器: 未知
分类: 广东频道, 名称: 广东卫视, 有效: 10, IPv4: 31, IPv6: 0, 最小延迟: 59 ms, 最高速率: 80.77 M/s, 平均速率: 41.98 M/s, 最高分辨率: 1920x1080, 平均帧率: 29.00, 视频编解码器: h264, 音频编解码器: aac
分类: 广东频道, 名称: 深圳财经生活, 有效: 0, IPv4: 1, IPv6: 0, 最小延迟: 1074 ms, 最高速率: 0.00 M/s, 平均速率: 0.00 M/s, 最高分辨率: None, 平均帧率: 未知, 视频编解码器: 未知, 音频编解码器: 未知
分类: 广东频道, 名称: 深圳电视剧, 有效: 0, IPv4: 1, IPv6: 0, 最小延迟: 747 ms, 最高速率: 0.00 M/s, 平均速率: 0.00 M/s, 最高分辨率: None, 平均帧率: 未知, 视频编解码器: 未知, 音频编解码器: 未知
分类: 广东频道, 名称: 深圳都市, 有效: 0, IPv4: 2, IPv6: 0, 最小延迟: 1967 ms, 最高速率: 0.00 M/s, 平均速率: 0.00 M/s, 最高分辨率: None, 平均帧率: 未知, 视频编解码器: 未知, 音频编解码器: 未知
分类: 广东频道, 名称: 广东民生, 有效: 4, IPv4: 6, IPv6: 0, 最小延迟: 150 ms, 最高速率: 3.59 M/s, 平均速率: 1.75 M/s, 最高分辨率: 1280x720, 平均帧率: 35.00, 视频编解码器: h264, 音频编解码器: aac
分类: 广东频道, 名称: 深圳卫视4K, 有效: 6, IPv4: 16, IPv6: 0, 最小延迟: 110 ms, 最高速率: 41.17 M/s, 平均速率: 35.27 M/s, 最高分辨率: 1920x1080, 平均帧率: 30.00, 视频编解码器: h264, 音频编解码器: aac
分类: 广东频道, 名称: 深圳少儿, 有效: 0, IPv4: 2, IPv6: 0, 最小延迟: 1077 ms, 最高速率: 0.00 M/s, 平均速率: 0.00 M/s, 最高分辨率: None, 平均帧率: 未知, 视频编解码器: 未知, 音频编解码器: 未知
分类: 广东频道, 名称: 广州综合, 有效: 1, IPv4: 5, IPv6: 0, 最小延迟: 405 ms, 最高速率: 0.52 M/s, 平均速率: 0.52 M/s, 最高分辨率: 1280x720, 平均帧率: 25.00, 视频编解码器: h264, 音频编解码器: aac
分类: 广东频道, 名称: 广州新闻, 有效: 2, IPv4: 4, IPv6: 0, 最小延迟: 188 ms, 最高速率: 3.50 M/s, 平均速率: 2.92 M/s, 最高分辨率: 1280x720, 平均帧率: 25.00, 视频编解码器: h264, 音频编解码器: aac
分类: 广东频道, 名称: 广州影视, 有效: 0, IPv4: 1, IPv6: 0, 最小延迟: -1 ms, 最高速率: 0.00 M/s, 平均速率: 0.00 M/s, 最高分辨率: None, 平均帧率: 未知, 视频编解码器: 未知, 音频编解码器: 未知
分类: 广东频道, 名称: 广州竞赛, 有效: 0, IPv4: 1, IPv6: 0, 最小延迟: -1 ms, 最高速率: 0.00 M/s, 平均速率: 0.00 M/s, 最高分辨率: None, 平均帧率: 未知, 视频编解码器: 未知, 音频编解码器: 未知
分类: 广东频道, 名称: 广州竞赛频道, 有效: 0, IPv4: 1, IPv6: 0, 最小延迟: -1 ms, 最高速率: 0.00 M/s, 平均速率: 0.00 M/s, 最高分辨率: None, 平均帧率: 未知, 视频编解码器: 未知, 音频编解码器: 未知
分类: 广东频道, 名称: 广州法治, 有效: 0, IPv4: 2, IPv6: 0, 最小延迟: -1 ms, 最高速率: 0.00 M/s, 平均速率: 0.00 M/s, 最高分辨率: None, 平均帧率: 未知, 视频编解码器: 未知, 音频编解码器: 未知
分类: 广东频道, 名称: 佛山综合, 有效: 0, IPv4: 1, IPv6: 0, 最小延迟: -1 ms, 最高速率: 0.00 M/s, 平均速率: 0.00 M/s, 最高分辨率: None, 平均帧率: 未知, 视频编解码器: 未知, 音频编解码器: 未知
分类: 广东频道, 名称: 河源公共, 有效: 0, IPv4: 2, IPv6: 0, 最小延迟: -1 ms, 最高速率: 0.00 M/s, 平均速率: 0.00 M/s, 最高分辨率: None, 平均帧率: 未知, 视频编解码器: 未知, 音频编解码器: 未知
分类: 广东频道, 名称: 河源综合, 有效: 0, IPv4: 3, IPv6: 0, 最小延迟: -1 ms, 最高速率: 0.00 M/s, 平均速率: 0.00 M/s, 最高分辨率: None, 平均帧率: 未知, 视频编解码器: 未知, 音频编解码器: 未知
分类: 广东频道, 名称: 汕头综合, 有效: 0, IPv4: 1, IPv6: 0, 最小延迟: -1 ms, 最高速率: 0.00 M/s, 平均速率: 0.00 M/s, 最高分辨率: None, 平均帧率: 未知, 视频编解码器: 未知, 音频编解码器: 未知
分类: 广东频道, 名称: 汕头经济, 有效: 0, IPv4: 1, IPv6: 0, 最小延迟: -1 ms, 最高速率: 0.00 M/s, 平均速率: 0.00 M/s, 最高分辨率: None, 平均帧率: 未知, 视频编解码器: 未知, 音频编解码器: 未知
分类: 广东频道, 名称: 深圳卫视, 有效: 11, IPv4: 24, IPv6: 0, 最小延迟: 61 ms, 最高速率: 59.65 M/s, 平均速率: 32.57 M/s, 最高分辨率: 1920x1080, 平均帧率: 28.64, 视频编解码器: h264, 音频编解码器: aac
分类: 广东频道, 名称: 大湾区卫视, 有效: 5, IPv4: 13, IPv6: 0, 最小延迟: 61 ms, 最高速率: 4.93 M/s, 平均速率: 2.77 M/s, 最高分辨率: 1920x1080, 平均帧率: 46.00, 视频编解码器: h264, 音频编解码器: aac
分类: 体育频道, 名称: CCTV-5, 有效: 12, IPv4: 45, IPv6: 0, 最小延迟: 59 ms, 最高速率: 51.89 M/s, 平均速率: 20.23 M/s, 最高分辨率: 1920x1080, 平均帧率: 29.06, 视频编解码器: h264, 音频编解码器: aac
分类: 体育频道, 名称: 纬来体育, 有效: 0, IPv4: 1, IPv6: 0, 最小延迟: 2956 ms, 最高速率: 0.00 M/s, 平均速率: 0.00 M/s, 最高分辨率: None, 平均帧率: 未知, 视频编解码器: 未知, 音频编解码器: 未知
分类: 体育频道, 名称: 五星体育, 有效: 4, IPv4: 4, IPv6: 0, 最小延迟: 125 ms, 最高速率: 38.31 M/s, 平均速率: 35.19 M/s, 最高分辨率: 1920x1080, 平均帧率: 30.00, 视频编解码器: h264, 音频编解码器: aac
分类: 体育频道, 名称: MUTV, 有效: 0, IPv4: 1, IPv6: 0, 最小延迟: -1 ms, 最高速率: 0.00 M/s, 平均速率: 0.00 M/s, 最高分辨率: None, 平均帧率: 未知, 视频编解码器: 未知, 音频编解码器: 未知
分类: 体育频道, 名称: CCTV-5+, 有效: 7, IPv4: 30, IPv6: 0, 最小延迟: 92 ms, 最高速率: 16.75 M/s, 平均速率: 7.45 M/s, 最高分辨率: 1920x1080, 平均帧率: 27.86, 视频编解码器: h264, 音频编解码器: aac
分类: 体育频道, 名称: 劲爆体育, 有效: 0, IPv4: 1, IPv6: 0, 最小延迟: -1 ms, 最高速率: 0.00 M/s, 平均速率: 0.00 M/s, 最高分辨率: None, 平均帧率: 未知, 视频编解码器: 未知, 音频编解码器: 未知
分类: 体育频道, 名称: TNT SPORTS 1, 有效: 0, IPv4: 1, IPv6: 0, 最小延迟: -1 ms, 最高速率: 0.00 M/s, 平均速率: 0.00 M/s, 最高分辨率: None, 平均帧率: 未知, 视频编解码器: 未知, 音频编解码器: 未知
分类: 体育频道, 名称: TNT SPORTS 2, 有效: 0, IPv4: 1, IPv6: 0, 最小延迟: -1 ms, 最高速率: 0.00 M/s, 平均速率: 0.00 M/s, 最高分辨率: None, 平均帧率: 未知, 视频编解码器: 未知, 音频编解码器: 未知
分类: 体育频道, 名称: TNT SPORTS 3, 有效: 0, IPv4: 1, IPv6: 0, 最小延迟: -1 ms, 最高速率: 0.00 M/s, 平均速率: 0.00 M/s, 最高分辨率: None, 平均帧率: 未知, 视频编解码器: 未知, 音频编解码器: 未知
分类: 体育频道, 名称: SPOTV, 有效: 0, IPv4: 1, IPv6: 0, 最小延迟: -1 ms, 最高速率: 0.00 M/s, 平均速率: 0.00 M/s, 最高分辨率: None, 平均帧率: 未知, 视频编解码器: 未知, 音频编解码器: 未知
分类: 体育频道, 名称: CCTV16奧運頻道, 有效: 11, IPv4: 34, IPv6: 0, 最小延迟: 74 ms, 最高速率: 72.42 M/s, 平均速率: 31.79 M/s, 最高分辨率: 1920x1080, 平均帧率: 30.00, 视频编解码器: h264, 音频编解码器: aac
分类: 央视频道, 名称: CCTV-1, 有效: 18, IPv4: 45, IPv6: 0, 最小延迟: 41 ms, 最高速率: 117.36 M/s, 平均速率: 35.61 M/s, 最高分辨率: 1920x1080, 平均帧率: 27.78, 视频编解码器: h264, 音频编解码器: aac
分类: 央视频道, 名称: CCTV-2, 有效: 16, IPv4: 40, IPv6: 0, 最小延迟: 59 ms, 最高速率: 60.87 M/s, 平均速率: 26.94 M/s, 最高分辨率: 1920x1080, 平均帧率: 27.81, 视频编解码器: h264, 音频编解码器: aac
分类: 央视频道, 名称: CCTV-3, 有效: 13, IPv4: 41, IPv6: 0, 最小延迟: 62 ms, 最高速率: 79.42 M/s, 平均速率: 30.11 M/s, 最高分辨率: 1920x1080, 平均帧率: 29.69, 视频编解码器: h264, 音频编解码器: aac
分类: 央视频道, 名称: CCTV-4, 有效: 16, IPv4: 43, IPv6: 0, 最小延迟: 52 ms, 最高速率: 90.90 M/s, 平均速率: 31.73 M/s, 最高分辨率: 1920x1080, 平均帧率: 29.21, 视频编解码器: h264, 音频编解码器: aac
分类: 央视频道, 名称: CCTV-6, 有效: 16, IPv4: 39, IPv6: 0, 最小延迟: 79 ms, 最高速率: 52.64 M/s, 平均速率: 17.76 M/s, 最高分辨率: 1920x1080, 平均帧率: 29.69, 视频编解码器: h264, 音频编解码器: aac
分类: 央视频道, 名称: CCTV-7, 有效: 13, IPv4: 38, IPv6: 0, 最小延迟: 45 ms, 最高速率: 118.17 M/s, 平均速率: 45.50 M/s, 最高分辨率: 1920x1080, 平均帧率: 29.69, 视频编解码器: h264, 音频编解码器: aac
分类: 央视频道, 名称: CCTV-8, 有效: 15, IPv4: 40, IPv6: 0, 最小延迟: 60 ms, 最高速率: 60.86 M/s, 平均速率: 17.80 M/s, 最高分辨率: 1920x1080, 平均帧率: 29.33, 视频编解码器: h264, 音频编解码器: aac
分类: 央视频道, 名称: CCTV-9, 有效: 11, IPv4: 40, IPv6: 0, 最小延迟: 74 ms, 最高速率: 56.11 M/s, 平均速率: 33.26 M/s, 最高分辨率: 1920x1080, 平均帧率: 28.46, 视频编解码器: h264, 音频编解码器: aac
分类: 央视频道, 名称: CCTV-10, 有效: 11, IPv4: 39, IPv6: 0, 最小延迟: 60 ms, 最高速率: 83.44 M/s, 平均速率: 40.71 M/s, 最高分辨率: 1920x1080, 平均帧率: 27.86, 视频编解码器: h264, 音频编解码器: aac
分类: 央视频道, 名称: CCTV-11, 有效: 10, IPv4: 38, IPv6: 0, 最小延迟: 78 ms, 最高速率: 49.27 M/s, 平均速率: 23.66 M/s, 最高分辨率: 1920x1080, 平均帧率: 29.23, 视频编解码器: h264, 音频编解码器: aac
分类: 央视频道, 名称: CCTV-12, 有效: 12, IPv4: 39, IPv6: 0, 最小延迟: 63 ms, 最高速率: 85.65 M/s, 平均速率: 35.57 M/s, 最高分辨率: 1920x1080, 平均帧率: 30.77, 视频编解码器: h264, 音频编解码器: aac
分类: 央视频道, 名称: CCTV-13, 有效: 11, IPv4: 41, IPv6: 0, 最小延迟: 57 ms, 最高速率: 66.41 M/s, 平均速率: 38.94 M/s, 最高分辨率: 1920x1080, 平均帧率: 32.00, 视频编解码器: h264, 音频编解码器: aac
分类: 央视频道, 名称: CCTV-14, 有效: 16, IPv4: 41, IPv6: 0, 最小延迟: 61 ms, 最高速率: 58.82 M/s, 平均速率: 26.19 M/s, 最高分辨率: 1920x1080, 平均帧率: 27.50, 视频编解码器: h264, 音频编解码器: aac
分类: 央视频道, 名称: CCTV-15, 有效: 17, IPv4: 40, IPv6: 0, 最小延迟: 50 ms, 最高速率: 103.72 M/s, 平均速率: 24.31 M/s, 最高分辨率: 1920x1080, 平均帧率: 30.88, 视频编解码器: h264, 音频编解码器: aac
分类: 央视频道, 名称: CCTV-17, 有效: 14, IPv4: 36, IPv6: 0, 最小延迟: 60 ms, 最高速率: 70.01 M/s, 平均速率: 31.30 M/s, 最高分辨率: 1920x1080, 平均帧率: 27.81, 视频编解码器: h264, 音频编解码器: aac
分类: 央视频道, 名称: CETV1, 有效: 1, IPv4: 14, IPv6: 0, 最小延迟: 367 ms, 最高速率: 1.62 M/s, 平均速率: 1.62 M/s, 最高分辨率: 1280x720, 平均帧率: 60.00, 视频编解码器: h264, 音频编解码器: aac
分类: 央视频道, 名称: CETV2, 有效: 0, IPv4: 10, IPv6: 0, 最小延迟: 438 ms, 最高速率: 4.31 M/s, 平均速率: 0.00 M/s, 最高分辨率: 720x576, 平均帧率: 25.00, 视频编解码器: h264, 音频编解码器: aac
分类: 央视频道, 名称: CETV4, 有效: 1, IPv4: 12, IPv6: 0, 最小延迟: 213 ms, 最高速率: 0.83 M/s, 平均速率: 0.83 M/s, 最高分辨率: 1280x720, 平均帧率: 25.00, 视频编解码器: h264, 音频编解码器: aac
分类: 央视频道, 名称: CCTV4K, 有效: 9, IPv4: 23, IPv6: 0, 最小延迟: 70 ms, 最高速率: 72.43 M/s, 平均速率: 36.22 M/s, 最高分辨率: 3840x2160, 平均帧率: 28.33, 视频编解码器: h264, 音频编解码器: aac
分类: 央视频道, 名称: CCTV风云剧场, 有效: 8, IPv4: 12, IPv6: 0, 最小延迟: 59 ms, 最高速率: 44.27 M/s, 平均速率: 24.87 M/s, 最高分辨率: 1920x1080, 平均帧率: 30.62, 视频编解码器: h264, 音频编解码器: aac
分类: 央视频道, 名称: 文化精品, 有效: 7, IPv4: 9, IPv6: 0, 最小延迟: 58 ms, 最高速率: 48.90 M/s, 平均速率: 19.10 M/s, 最高分辨率: 1920x1080, 平均帧率: 31.43, 视频编解码器: h264, 音频编解码器: aac
分类: 央视频道, 名称: 央视台球, 有效: 8, IPv4: 13, IPv6: 0, 最小延迟: 88 ms, 最高速率: 59.70 M/s, 平均速率: 15.60 M/s, 最高分辨率: 1920x1080, 平均帧率: 30.62, 视频编解码器: h264, 音频编解码器: aac
分类: 央视频道, 名称: 风云音乐, 有效: 6, IPv4: 13, IPv6: 0, 最小延迟: 59 ms, 最高速率: 40.47 M/s, 平均速率: 24.24 M/s, 最高分辨率: 1920x1080, 平均帧率: 26.67, 视频编解码器: h264, 音频编解码器: aac
分类: 央视频道, 名称: 第一剧场, 有效: 7, IPv4: 15, IPv6: 0, 最小延迟: 75 ms, 最高速率: 49.92 M/s, 平均速率: 16.47 M/s, 最高分辨率: 1920x1080, 平均帧率: 26.43, 视频编解码器: h264, 音频编解码器: aac
分类: 央视频道, 名称: 怀旧剧场, 有效: 8, IPv4: 13, IPv6: 0, 最小延迟: 58 ms, 最高速率: 39.13 M/s, 平均速率: 21.76 M/s, 最高分辨率: 1920x1080, 平均帧率: 30.62, 视频编解码器: h264, 音频编解码器: aac
分类: 央视频道, 名称: 女性时尚, 有效: 8, IPv4: 12, IPv6: 0, 最小延迟: 60 ms, 最高速率: 52.85 M/s, 平均速率: 16.16 M/s, 最高分辨率: 1920x1080, 平均帧率: 27.50, 视频编解码器: h264, 音频编解码器: aac
分类: 央视频道, 名称: 高尔夫网球, 有效: 3, IPv4: 10, IPv6: 0, 最小延迟: 57 ms, 最高速率: 4.76 M/s, 平均速率: 3.43 M/s, 最高分辨率: 1920x1080, 平均帧率: 31.67, 视频编解码器: h264, 音频编解码器: aac
分类: 央视频道, 名称: 风云足球, 有效: 8, IPv4: 13, IPv6: 0, 最小延迟: 58 ms, 最高速率: 46.22 M/s, 平均速率: 17.96 M/s, 最高分辨率: 1920x1080, 平均帧率: 30.62, 视频编解码器: h264, 音频编解码器: aac
分类: 央视频道, 名称: 电视指南, 有效: 2, IPv4: 6, IPv6: 0, 最小延迟: 57 ms, 最高速率: 2.12 M/s, 平均速率: 1.92 M/s, 最高分辨率: 1280x720, 平均帧率: 45.00, 视频编解码器: h264, 音频编解码器: aac
分类: 央视频道, 名称: 世界地理, 有效: 8, IPv4: 17, IPv6: 0, 最小延迟: 58 ms, 最高速率: 45.67 M/s, 平均速率: 10.89 M/s, 最高分辨率: 1920x1080, 平均帧率: 35.62, 视频编解码器: h264, 音频编解码器: aac
分类: 台湾频道, 名称: 东森新闻, 有效: 0, IPv4: 2, IPv6: 0, 最小延迟: 273 ms, 最高速率: 0.32 M/s, 平均速率: 0.00 M/s, 最高分辨率: 1920x1080, 平均帧率: 29.97, 视频编解码器: hevc, 音频编解码器: aac
分类: 台湾频道, 名称: TVBS新聞, 有效: 1, IPv4: 4, IPv6: 0, 最小延迟: 303 ms, 最高速率: 1.34 M/s, 平均速率: 1.34 M/s, 最高分辨率: 1920x1080, 平均帧率: 29.97, 视频编解码器: h264, 音频编解码器: aac
分类: 台湾频道, 名称: 中天新聞台, 有效: 1, IPv4: 2, IPv6: 0, 最小延迟: 304 ms, 最高速率: 1.17 M/s, 平均速率: 1.17 M/s, 最高分辨率: 1920x1080, 平均帧率: 30.00, 视频编解码器: h264, 音频编解码器: aac
分类: 台湾频道, 名称: 華視新聞, 有效: 0, IPv4: 2, IPv6: 0, 最小延迟: -1 ms, 最高速率: 0.00 M/s, 平均速率: 0.00 M/s, 最高分辨率: None, 平均帧率: 未知, 视频编解码器: 未知, 音频编解码器: 未知
分类: 央视频道, 名称: 兵器科技, 有效: 8, IPv4: 12, IPv6: 0, 最小延迟: 58 ms, 最高速率: 53.57 M/s, 平均速率: 19.85 M/s, 最高分辨率: 1920x1080, 平均帧率: 35.62, 视频编解码器: h264, 音频编解码器: aac
分类: 台湾频道, 名称: 三立新闻, 有效: 0, IPv4: 4, IPv6: 0, 最小延迟: 1500 ms, 最高速率: 0.12 M/s, 平均速率: 0.00 M/s, 最高分辨率: None, 平均帧率: 未知, 视频编解码器: 未知, 音频编解码器: 未知
分类: 台湾频道, 名称: 台視新聞, 有效: 3, IPv4: 9, IPv6: 0, 最小延迟: 134 ms, 最高速率: 5.36 M/s, 平均速率: 2.33 M/s, 最高分辨率: 1920x1080, 平均帧率: 29.98, 视频编解码器: h264, 音频编解码器: aac
分类: 台湾频道, 名称: 鏡電視新聞台, 有效: 0, IPv4: 1, IPv6: 0, 最小延迟: 404 ms, 最高速率: 0.00 M/s, 平均速率: 0.00 M/s, 最高分辨率: None, 平均帧率: 未知, 视频编解码器: 未知, 音频编解码器: 未知
分类: 台湾频道, 名称: 东森超视, 有效: 3, IPv4: 4, IPv6: 0, 最小延迟: 33 ms, 最高速率: 2.98 M/s, 平均速率: 2.11 M/s, 最高分辨率: 1920x1080, 平均帧率: 29.97, 视频编解码器: h264, 音频编解码器: aac
分类: 台湾频道, 名称: 民視新聞台, 有效: 2, IPv4: 10, IPv6: 0, 最小延迟: 33 ms, 最高速率: 2.08 M/s, 平均速率: 1.32 M/s, 最高分辨率: 1920x1080, 平均帧率: 29.98, 视频编解码器: h264, 音频编解码器: aac
分类: 台湾频道, 名称: 非凡新聞台, 有效: 0, IPv4: 2, IPv6: 0, 最小延迟: 1791 ms, 最高速率: 0.00 M/s, 平均速率: 0.00 M/s, 最高分辨率: None, 平均帧率: 未知, 视频编解码器: 未知, 音频编解码器: 未知
分类: 台湾频道, 名称: 中視新聞, 有效: 1, IPv4: 16, IPv6: 0, 最小延迟: 422 ms, 最高速率: 1.16 M/s, 平均速率: 1.16 M/s, 最高分辨率: 1920x1080, 平均帧率: 30.00, 视频编解码器: h264, 音频编解码器: aac
分类: 台湾频道, 名称: 中天亞洲台, 有效: 0, IPv4: 1, IPv6: 0, 最小延迟: 301 ms, 最高速率: 0.00 M/s, 平均速率: 0.00 M/s, 最高分辨率: None, 平均帧率: 未知, 视频编解码器: 未知, 音频编解码器: 未知
分类: 台湾频道, 名称: 東森電影台, 有效: 0, IPv4: 1, IPv6: 0, 最小延迟: -1 ms, 最高速率: 0.00 M/s, 平均速率: 0.00 M/s, 最高分辨率: None, 平均帧率: 未知, 视频编解码器: 未知, 音频编解码器: 未知
分类: 台湾频道, 名称: 东森美洲, 有效: 2, IPv4: 8, IPv6: 0, 最小延迟: 33 ms, 最高速率: 1.51 M/s, 平均速率: 0.70 M/s, 最高分辨率: 1920x1080, 平均帧率: 29.97, 视频编解码器: h264, 音频编解码器: aac
分类: 台湾频道, 名称: TVBS, 有效: 2, IPv4: 2, IPv6: 0, 最小延迟: 250 ms, 最高速率: 0.65 M/s, 平均速率: 0.52 M/s, 最高分辨率: 1920x1080, 平均帧率: 27.49, 视频编解码器: h264, 音频编解码器: aac
分类: 台湾频道, 名称: TVBS精彩台, 有效: 0, IPv4: 1, IPv6: 0, 最小延迟: -1 ms, 最高速率: 0.00 M/s, 平均速率: 0.00 M/s, 最高分辨率: None, 平均帧率: 未知, 视频编解码器: 未知, 音频编解码器: 未知
分类: 台湾频道, 名称: 中天娱乐, 有效: 1, IPv4: 1, IPv6: 0, 最小延迟: 1698 ms, 最高速率: 0.32 M/s, 平均速率: 0.32 M/s, 最高分辨率: 1280x720, 平均帧率: 25.00, 视频编解码器: h264, 音频编解码器: aac
分类: 台湾频道, 名称: 三立戏剧, 有效: 0, IPv4: 1, IPv6: 0, 最小延迟: -1 ms, 最高速率: 0.00 M/s, 平均速率: 0.00 M/s, 最高分辨率: None, 平均帧率: 未知, 视频编解码器: 未知, 音频编解码器: 未知
分类: 台湾频道, 名称: 台视, 有效: 1, IPv4: 5, IPv6: 0, 最小延迟: 273 ms, 最高速率: 0.29 M/s, 平均速率: 0.29 M/s, 最高分辨率: 1280x720, 平均帧率: 29.97, 视频编解码器: hevc, 音频编解码器: aac
分类: 台湾频道, 名称: 台视综合, 有效: 0, IPv4: 4, IPv6: 0, 最小延迟: -1 ms, 最高速率: 0.00 M/s, 平均速率: 0.00 M/s, 最高分辨率: None, 平均帧率: 未知, 视频编解码器: 未知, 音频编解码器: 未知
分类: 台湾频道, 名称: 華視, 有效: 0, IPv4: 7, IPv6: 0, 最小延迟: 268 ms, 最高速率: 0.28 M/s, 平均速率: 0.00 M/s, 最高分辨率: 1920x1080, 平均帧率: 29.97, 视频编解码器: hevc, 音频编解码器: aac
分类: 台湾频道, 名称: 中视经典, 有效: 0, IPv4: 3, IPv6: 0, 最小延迟: -1 ms, 最高速率: 0.00 M/s, 平均速率: 0.00 M/s, 最高分辨率: None, 平均帧率: 未知, 视频编解码器: 未知, 音频编解码器: 未知
分类: 台湾频道, 名称: 中視, 有效: 0, IPv4: 5, IPv6: 0, 最小延迟: 277 ms, 最高速率: 0.29 M/s, 平均速率: 0.00 M/s, 最高分辨率: 1920x1080, 平均帧率: 29.97, 视频编解码器: hevc, 音频编解码器: aac
分类: 台湾频道, 名称: 中视菁采, 有效: 0, IPv4: 3, IPv6: 0, 最小延迟: -1 ms, 最高速率: 0.00 M/s, 平均速率: 0.00 M/s, 最高分辨率: None, 平均帧率: 未知, 视频编解码器: 未知, 音频编解码器: 未知
分类: 台湾频道, 名称: 爱尔达娱乐, 有效: 0, IPv4: 1, IPv6: 0, 最小延迟: 327 ms, 最高速率: 0.00 M/s, 平均速率: 0.00 M/s, 最高分辨率: None, 平均帧率: 未知, 视频编解码器: 未知, 音频编解码器: 未知
分类: 台湾频道, 名称: 八大綜合台, 有效: 0, IPv4: 1, IPv6: 0, 最小延迟: -1 ms, 最高速率: 0.00 M/s, 平均速率: 0.00 M/s, 最高分辨率: None, 平均帧率: 未知, 视频编解码器: 未知, 音频编解码器: 未知
分类: 台湾频道, 名称: 八大第一台, 有效: 0, IPv4: 1, IPv6: 0, 最小延迟: -1 ms, 最高速率: 0.00 M/s, 平均速率: 0.00 M/s, 最高分辨率: None, 平均帧率: 未知, 视频编解码器: 未知, 音频编解码器: 未知
分类: 台湾频道, 名称: 八大戲劇台, 有效: 0, IPv4: 1, IPv6: 0, 最小延迟: -1 ms, 最高速率: 0.00 M/s, 平均速率: 0.00 M/s, 最高分辨率: None, 平均帧率: 未知, 视频编解码器: 未知, 音频编解码器: 未知
分类: 台湾频道, 名称: 民視, 有效: 0, IPv4: 6, IPv6: 0, 最小延迟: 273 ms, 最高速率: 0.32 M/s, 平均速率: 0.00 M/s, 最高分辨率: 1920x1080, 平均帧率: 29.97, 视频编解码器: hevc, 音频编解码器: aac
分类: 台湾频道, 名称: 中旺电视, 有效: 1, IPv4: 2, IPv6: 0, 最小延迟: 197 ms, 最高速率: 0.85 M/s, 平均速率: 0.85 M/s, 最高分辨率: 1920x1080, 平均帧率: 29.97, 视频编解码器: h264, 音频编解码器: aac
分类: 台湾频道, 名称: 民视台湾, 有效: 0, IPv4: 3, IPv6: 0, 最小延迟: -1 ms, 最高速率: 0.00 M/s, 平均速率: 0.00 M/s, 最高分辨率: None, 平均帧率: 未知, 视频编解码器: 未知, 音频编解码器: 未知
分类: 台湾频道, 名称: 纬来精采, 有效: 1, IPv4: 1, IPv6: 0, 最小延迟: 139 ms, 最高速率: 0.41 M/s, 平均速率: 0.41 M/s, 最高分辨率: 1280x720, 平均帧率: 25.00, 视频编解码器: h264, 音频编解码器: aac
分类: 台湾频道, 名称: 民视影剧, 有效: 0, IPv4: 1, IPv6: 0, 最小延迟: -1 ms, 最高速率: 0.00 M/s, 平均速率: 0.00 M/s, 最高分辨率: None, 平均帧率: 未知, 视频编解码器: 未知, 音频编解码器: 未知
分类: 台湾频道, 名称: CINEMAX, 有效: 0, IPv4: 1, IPv6: 0, 最小延迟: -1 ms, 最高速率: 0.00 M/s, 平均速率: 0.00 M/s, 最高分辨率: None, 平均帧率: 未知, 视频编解码器: 未知, 音频编解码器: 未知
分类: 台湾频道, 名称: HBO, 有效: 0, IPv4: 4, IPv6: 0, 最小延迟: 280 ms, 最高速率: 0.00 M/s, 平均速率: 0.00 M/s, 最高分辨率: None, 平均帧率: 未知, 视频编解码器: 未知, 音频编解码器: 未知
分类: 台湾频道, 名称: 民视第一, 有效: 0, IPv4: 3, IPv6: 0, 最小延迟: -1 ms, 最高速率: 0.00 M/s, 平均速率: 0.00 M/s, 最高分辨率: None, 平均帧率: 未知, 视频编解码器: 未知, 音频编解码器: 未知
分类: 台湾频道, 名称: 美亚C+, 有效: 1, IPv4: 1, IPv6: 0, 最小延迟: 214 ms, 最高速率: 1.10 M/s, 平均速率: 1.10 M/s, 最高分辨率: 1920x1080, 平均帧率: 25.00, 视频编解码器: h264, 音频编解码器: aac
分类: 台湾频道, 名称: 緯來電影台, 有效: 0, IPv4: 1, IPv6: 0, 最小延迟: -1 ms, 最高速率: 0.00 M/s, 平均速率: 0.00 M/s, 最高分辨率: None, 平均帧率: 未知, 视频编解码器: 未知, 音频编解码器: 未知
分类: 台湾频道, 名称: 大立电视台, 有效: 1, IPv4: 1, IPv6: 0, 最小延迟: 224 ms, 最高速率: 2.51 M/s, 平均速率: 2.51 M/s, 最高分辨率: 1280x720, 平均帧率: 30.00, 视频编解码器: h264, 音频编解码器: aac
分类: 台湾频道, 名称: CNA, 有效: 1, IPv4: 1, IPv6: 0, 最小延迟: 498 ms, 最高速率: 1.00 M/s, 平均速率: 1.00 M/s, 最高分辨率: 1920x1080, 平均帧率: 50.00, 视频编解码器: h264, 音频编解码器: aac
分类: 台湾频道, 名称: 智林体育, 有效: 0, IPv4: 1, IPv6: 0, 最小延迟: -1 ms, 最高速率: 0.00 M/s, 平均速率: 0.00 M/s, 最高分辨率: None, 平均帧率: 未知, 视频编解码器: 未知, 音频编解码器: 未知
分类: 台湾频道, 名称: 靖天電影台, 有效: 0, IPv4: 1, IPv6: 0, 最小延迟: -1 ms, 最高速率: 0.00 M/s, 平均速率: 0.00 M/s, 最高分辨率: None, 平均帧率: 未知, 视频编解码器: 未知, 音频编解码器: 未知
分类: 电影频道, 名称: Now爆谷台, 有效: 0, IPv4: 2, IPv6: 0, 最小延迟: 885 ms, 最高速率: 0.00 M/s, 平均速率: 0.00 M/s, 最高分辨率: None, 平均帧率: 未知, 视频编解码器: 未知, 音频编解码器: 未知
分类: 电影频道, 名称: Now爆谷星影台, 有效: 0, IPv4: 2, IPv6: 0, 最小延迟: 331 ms, 最高速率: 0.00 M/s, 平均速率: 0.00 M/s, 最高分辨率: None, 平均帧率: 未知, 视频编解码器: 未知, 音频编解码器: 未知
分类: 电影频道, 名称: 美亞電影台, 有效: 0, IPv4: 1, IPv6: 0, 最小延迟: -1 ms, 最高速率: 0.00 M/s, 平均速率: 0.00 M/s, 最高分辨率: None, 平均帧率: 未知, 视频编解码器: 未知, 音频编解码器: 未知
分类: 电影频道, 名称: 天映頻道, 有效: 0, IPv4: 2, IPv6: 0, 最小延迟: 278 ms, 最高速率: 0.00 M/s, 平均速率: 0.00 M/s, 最高分辨率: None, 平均帧率: 未知, 视频编解码器: 未知, 音频编解码器: 未知
分类: 电影频道, 名称: Animax, 有效: 1, IPv4: 1, IPv6: 0, 最小延迟: 16 ms, 最高速率: 42.27 M/s, 平均速率: 42.27 M/s, 最高分辨率: 1920x1080, 平均帧率: 29.97, 视频编解码器: 未知, 音频编解码器: 未知
分类: 电影频道, 名称: CHANNEL 5, 有效: 0, IPv4: 1, IPv6: 0, 最小延迟: -1 ms, 最高速率: 0.00 M/s, 平均速率: 0.00 M/s, 最高分辨率: None, 平均帧率: 未知, 视频编解码器: 未知, 音频编解码器: 未知
分类: 台湾频道, 名称: 人间卫视, 有效: 4, IPv4: 5, IPv6: 0, 最小延迟: 202 ms, 最高速率: 0.42 M/s, 平均速率: 0.36 M/s, 最高分辨率: 1280x720, 平均帧率: 29.97, 视频编解码器: h264, 音频编解码器: aac
分类: 电影频道, 名称: Astro iQIYI, 有效: 0, IPv4: 1, IPv6: 0, 最小延迟: -1 ms, 最高速率: 0.00 M/s, 平均速率: 0.00 M/s, 最高分辨率: None, 平均帧率: 未知, 视频编解码器: 未知, 音频编解码器: 未知
分类: 电影频道, 名称: CHC动作电影, 有效: 4, IPv4: 12, IPv6: 0, 最小延迟: 92 ms, 最高速率: 12.92 M/s, 平均速率: 8.63 M/s, 最高分辨率: 1920x1080, 平均帧率: 27.50, 视频编解码器: h264, 音频编解码器: aac
分类: 电影频道, 名称: CHC家庭影院, 有效: 5, IPv4: 12, IPv6: 0, 最小延迟: 63 ms, 最高速率: 69.86 M/s, 平均速率: 29.27 M/s, 最高分辨率: 1920x1080, 平均帧率: 35.00, 视频编解码器: h264, 音频编解码器: aac
分类: 电影频道, 名称: CHC影迷电影, 有效: 5, IPv4: 12, IPv6: 0, 最小延迟: 91 ms, 最高速率: 42.89 M/s, 平均速率: 14.89 M/s, 最高分辨率: 1920x1080, 平均帧率: 34.00, 视频编解码器: h264, 音频编解码器: aac
分类: 电影频道, 名称: TVB千禧經典台, 有效: 0, IPv4: 1, IPv6: 0, 最小延迟: -1 ms, 最高速率: 0.00 M/s, 平均速率: 0.00 M/s, 最高分辨率: None, 平均帧率: 未知, 视频编解码器: 未知, 音频编解码器: 未知
分类: 电影频道, 名称: 经典电影, 有效: 0, IPv4: 1, IPv6: 0, 最小延迟: -1 ms, 最高速率: 0.00 M/s, 平均速率: 0.00 M/s, 最高分辨率: None, 平均帧率: 未知, 视频编解码器: 未知, 音频编解码器: 未知
分类: 电影频道, 名称: 龍華電影, 有效: 0, IPv4: 1, IPv6: 0, 最小延迟: -1 ms, 最高速率: 0.00 M/s, 平均速率: 0.00 M/s, 最高分辨率: None, 平均帧率: 未知, 视频编解码器: 未知, 音频编解码器: 未知
分类: 电影频道, 名称: NEWTV黑莓电影, 有效: 2, IPv4: 7, IPv6: 0, 最小延迟: 68 ms, 最高速率: 57.25 M/s, 平均速率: 46.54 M/s, 最高分辨率: 1920x1080, 平均帧率: 30.00, 视频编解码器: h264, 音频编解码器: aac
分类: 电影频道, 名称: CHC高清电影, 有效: 0, IPv4: 1, IPv6: 0, 最小延迟: -1 ms, 最高速率: 0.00 M/s, 平均速率: 0.00 M/s, 最高分辨率: None, 平均帧率: 未知, 视频编解码器: 未知, 音频编解码器: 未知
分类: 电影频道, 名称: NEWTV惊悚悬疑, 有效: 2, IPv4: 5, IPv6: 0, 最小延迟: 42 ms, 最高速率: 121.59 M/s, 平均速率: 83.76 M/s, 最高分辨率: 1920x1080, 平均帧率: 30.00, 视频编解码器: h264, 音频编解码器: aac
分类: 外国频道, 名称: Arirang, 有效: 2, IPv4: 6, IPv6: 0, 最小延迟: 562 ms, 最高速率: 0.67 M/s, 平均速率: 0.52 M/s, 最高分辨率: 1920x1080, 平均帧率: 29.97, 视频编解码器: h264, 音频编解码器: aac
分类: 外国频道, 名称: Discovery, 有效: 0, IPv4: 2, IPv6: 0, 最小延迟: -1 ms, 最高速率: 0.00 M/s, 平均速率: 0.00 M/s, 最高分辨率: None, 平均帧率: 未知, 视频编解码器: 未知, 音频编解码器: 未知
分类: 外国频道, 名称: BBC_World_News, 有效: 0, IPv4: 4, IPv6: 0, 最小延迟: 158 ms, 最高速率: 0.23 M/s, 平均速率: 0.00 M/s, 最高分辨率: 1920x1080, 平均帧率: 59.94, 视频编解码器: h264, 音频编解码器: aac
分类: 电影频道, 名称: IPTV经典电影, 有效: 0, IPv4: 1, IPv6: 0, 最小延迟: -1 ms, 最高速率: 0.00 M/s, 平均速率: 0.00 M/s, 最高分辨率: None, 平均帧率: 未知, 视频编解码器: 未知, 音频编解码器: 未知
分类: 外国频道, 名称: CBS News, 有效: 0, IPv4: 1, IPv6: 0, 最小延迟: -1 ms, 最高速率: 0.00 M/s, 平均速率: 0.00 M/s, 最高分辨率: None, 平均帧率: 未知, 视频编解码器: 未知, 音频编解码器: 未知
分类: 外国频道, 名称: KCAL, 有效: 0, IPv4: 4, IPv6: 0, 最小延迟: -1 ms, 最高速率: 0.00 M/s, 平均速率: 0.00 M/s, 最高分辨率: None, 平均帧率: 未知, 视频编解码器: 未知, 音频编解码器: 未知
分类: 外国频道, 名称: KNBC, 有效: 0, IPv4: 3, IPv6: 0, 最小延迟: -1 ms, 最高速率: 0.00 M/s, 平均速率: 0.00 M/s, 最高分辨率: None, 平均帧率: 未知, 视频编解码器: 未知, 音频编解码器: 未知
分类: 外国频道, 名称: MovieSphere, 有效: 1, IPv4: 1, IPv6: 0, 最小延迟: 222 ms, 最高速率: 5.18 M/s, 平均速率: 5.18 M/s, 最高分辨率: 1920x1080, 平均帧率: 29.97, 视频编解码器: 未知, 音频编解码器: 未知
分类: 外国频道, 名称: GB News, 有效: 1, IPv4: 2, IPv6: 0, 最小延迟: 633 ms, 最高速率: 1.97 M/s, 平均速率: 1.97 M/s, 最高分辨率: 1920x1080, 平均帧率: 25.00, 视频编解码器: 未知, 音频编解码器: 未知
分类: 卫视频道, 名称: 香港卫视, 有效: 0, IPv4: 1, IPv6: 0, 最小延迟: -1 ms, 最高速率: 0.00 M/s, 平均速率: 0.00 M/s, 最高分辨率: None, 平均帧率: 未知, 视频编解码器: 未知, 音频编解码器: 未知
分类: 外国频道, 名称: Wild Earth, 有效: 1, IPv4: 1, IPv6: 0, 最小延迟: 823 ms, 最高速率: 2.61 M/s, 平均速率: 2.61 M/s, 最高分辨率: 1920x1080, 平均帧率: 25.00, 视频编解码器: h264, 音频编解码器: aac
分类: 外国频道, 名称: Trace Sports, 有效: 1, IPv4: 1, IPv6: 0, 最小延迟: 354 ms, 最高速率: 2.95 M/s, 平均速率: 2.95 M/s, 最高分辨率: 1920x1080, 平均帧率: 25.00, 视频编解码器: h264, 音频编解码器: aac
分类: 外国频道, 名称: Fox News, 有效: 0, IPv4: 6, IPv6: 0, 最小延迟: 303 ms, 最高速率: 0.30 M/s, 平均速率: 0.00 M/s, 最高分辨率: 1920x1080, 平均帧率: 25.00, 视频编解码器: h264, 音频编解码器: 未知
分类: 外国频道, 名称: 半岛新闻 (1080p), 有效: 1, IPv4: 1, IPv6: 0, 最小延迟: 12 ms, 最高速率: 53.44 M/s, 平均速率: 53.44 M/s, 最高分辨率: 1280x720, 平均帧率: 25.00, 视频编解码器: h264, 音频编解码器: aac
分类: 外国频道, 名称: ZooMoo, 有效: 1, IPv4: 1, IPv6: 0, 最小延迟: 323 ms, 最高速率: 4.40 M/s, 平均速率: 4.40 M/s, 最高分辨率: 1920x1080, 平均帧率: 25.00, 视频编解码器: h264, 音频编解码器: aac
分类: 外国频道, 名称: CNN, 有效: 1, IPv4: 6, IPv6: 0, 最小延迟: 297 ms, 最高速率: 1.64 M/s, 平均速率: 1.64 M/s, 最高分辨率: 1920x1080, 平均帧率: 42.47, 视频编解码器: h264, 音频编解码器: aac
分类: 外国频道, 名称: France 24, 有效: 2, IPv4: 6, IPv6: 0, 最小延迟: 230 ms, 最高速率: 2.50 M/s, 平均速率: 2.23 M/s, 最高分辨率: 1920x1080, 平均帧率: 33.33, 视频编解码器: h264, 音频编解码器: aac
分类: 卫视频道, 名称: 浙江卫视, 有效: 11, IPv4: 26, IPv6: 0, 最小延迟: 62 ms, 最高速率: 55.83 M/s, 平均速率: 33.94 M/s, 最高分辨率: 1920x1080, 平均帧率: 28.75, 视频编解码器: h264, 音频编解码器: aac
分类: 卫视频道, 名称: 湖南卫视, 有效: 19, IPv4: 45, IPv6: 0, 最小延迟: 59 ms, 最高速率: 66.20 M/s, 平均速率: 29.68 M/s, 最高分辨率: 3840x2160, 平均帧率: 29.47, 视频编解码器: h264, 音频编解码器: aac
分类: 卫视频道, 名称: 北京卫视, 有效: 21, IPv4: 57, IPv6: 0, 最小延迟: 59 ms, 最高速率: 76.49 M/s, 平均速率: 35.69 M/s, 最高分辨率: 3840x2160, 平均帧率: 28.57, 视频编解码器: h264, 音频编解码器: aac
分类: 卫视频道, 名称: 湖北卫视, 有效: 9, IPv4: 27, IPv6: 0, 最小延迟: 71 ms, 最高速率: 52.95 M/s, 平均速率: 39.54 M/s, 最高分辨率: 1920x1080, 平均帧率: 29.44, 视频编解码器: h264, 音频编解码器: aac
分类: 卫视频道, 名称: 黑龙江卫视, 有效: 9, IPv4: 24, IPv6: 0, 最小延迟: 69 ms, 最高速率: 62.51 M/s, 平均速率: 38.68 M/s, 最高分辨率: 1920x1080, 平均帧率: 32.50, 视频编解码器: h264, 音频编解码器: aac
分类: 卫视频道, 名称: 安徽卫视, 有效: 10, IPv4: 24, IPv6: 0, 最小延迟: 74 ms, 最高速率: 56.81 M/s, 平均速率: 32.68 M/s, 最高分辨率: 1920x1080, 平均帧率: 29.00, 视频编解码器: h264, 音频编解码器: aac
分类: 卫视频道, 名称: 重庆卫视, 有效: 11, IPv4: 28, IPv6: 0, 最小延迟: 71 ms, 最高速率: 55.91 M/s, 平均速率: 33.00 M/s, 最高分辨率: 1920x1080, 平均帧率: 28.64, 视频编解码器: h264, 音频编解码器: aac
分类: 卫视频道, 名称: 东方卫视, 有效: 10, IPv4: 28, IPv6: 0, 最小延迟: 56 ms, 最高速率: 91.89 M/s, 平均速率: 46.64 M/s, 最高分辨率: 1920x1080, 平均帧率: 29.00, 视频编解码器: h264, 音频编解码器: aac
分类: 卫视频道, 名称: 东南卫视, 有效: 12, IPv4: 30, IPv6: 0, 最小延迟: 59 ms, 最高速率: 60.99 M/s, 平均速率: 35.06 M/s, 最高分辨率: 1920x1080, 平均帧率: 32.08, 视频编解码器: h264, 音频编解码器: aac
分类: 卫视频道, 名称: 甘肃卫视, 有效: 10, IPv4: 23, IPv6: 0, 最小延迟: 45 ms, 最高速率: 112.34 M/s, 平均速率: 49.90 M/s, 最高分辨率: 1920x1080, 平均帧率: 29.50, 视频编解码器: h264, 音频编解码器: aac
分类: 卫视频道, 名称: 广西卫视, 有效: 12, IPv4: 25, IPv6: 0, 最小延迟: 43 ms, 最高速率: 111.74 M/s, 平均速率: 54.53 M/s, 最高分辨率: 1920x1080, 平均帧率: 29.58, 视频编解码器: h264, 音频编解码器: aac
分类: 卫视频道, 名称: 贵州卫视, 有效: 12, IPv4: 23, IPv6: 0, 最小延迟: 55 ms, 最高速率: 91.21 M/s, 平均速率: 44.14 M/s, 最高分辨率: 1920x1080, 平均帧率: 29.17, 视频编解码器: h264, 音频编解码器: aac
分类: 卫视频道, 名称: 海南卫视, 有效: 8, IPv4: 19, IPv6: 0, 最小延迟: 42 ms, 最高速率: 115.99 M/s, 平均速率: 55.71 M/s, 最高分辨率: 1920x1080, 平均帧率: 30.00, 视频编解码器: h264, 音频编解码器: aac
分类: 卫视频道, 名称: 河北卫视, 有效: 10, IPv4: 29, IPv6: 0, 最小延迟: 60 ms, 最高速率: 60.46 M/s, 平均速率: 47.74 M/s, 最高分辨率: 1920x1080, 平均帧率: 29.17, 视频编解码器: h264, 音频编解码器: aac
分类: 卫视频道, 名称: 河南卫视, 有效: 11, IPv4: 32, IPv6: 0, 最小延迟: 70 ms, 最高速率: 65.43 M/s, 平均速率: 43.73 M/s, 最高分辨率: 1920x1080, 平均帧率: 31.54, 视频编解码器: h264, 音频编解码器: aac
分类: 卫视频道, 名称: 吉林卫视, 有效: 7, IPv4: 24, IPv6: 0, 最小延迟: 54 ms, 最高速率: 88.29 M/s, 平均速率: 42.99 M/s, 最高分辨率: 1920x1080, 平均帧率: 29.38, 视频编解码器: h264, 音频编解码器: aac
分类: 卫视频道, 名称: 江苏卫视, 有效: 11, IPv4: 30, IPv6: 0, 最小延迟: 59 ms, 最高速率: 61.70 M/s, 平均速率: 34.76 M/s, 最高分辨率: 1920x1080, 平均帧率: 28.64, 视频编解码器: h264, 音频编解码器: aac
分类: 卫视频道, 名称: 江西卫视, 有效: 9, IPv4: 27, IPv6: 0, 最小延迟: 40 ms, 最高速率: 82.54 M/s, 平均速率: 47.67 M/s, 最高分辨率: 1920x1080, 平均帧率: 29.44, 视频编解码器: h264, 音频编解码器: aac
分类: 卫视频道, 名称: 辽宁卫视, 有效: 11, IPv4: 28, IPv6: 0, 最小延迟: 63 ms, 最高速率: 81.73 M/s, 平均速率: 31.95 M/s, 最高分辨率: 1920x1080, 平均帧率: 31.36, 视频编解码器: h264, 音频编解码器: aac
分类: 卫视频道, 名称: 内蒙古卫视, 有效: 8, IPv4: 23, IPv6: 0, 最小延迟: 63 ms, 最高速率: 58.28 M/s, 平均速率: 38.10 M/s, 最高分辨率: 1920x1080, 平均帧率: 31.50, 视频编解码器: h264, 音频编解码器: aac
分类: 卫视频道, 名称: 宁夏卫视, 有效: 9, IPv4: 25, IPv6: 0, 最小延迟: 69 ms, 最高速率: 75.17 M/s, 平均速率: 35.63 M/s, 最高分辨率: 1920x1080, 平均帧率: 27.73, 视频编解码器: h264, 音频编解码器: aac
分类: 卫视频道, 名称: 青海卫视, 有效: 12, IPv4: 30, IPv6: 0, 最小延迟: 64 ms, 最高速率: 80.72 M/s, 平均速率: 37.18 M/s, 最高分辨率: 1920x1080, 平均帧率: 34.17, 视频编解码器: h264, 音频编解码器: aac
分类: 卫视频道, 名称: 山东卫视, 有效: 9, IPv4: 22, IPv6: 0, 最小延迟: 63 ms, 最高速率: 60.44 M/s, 平均速率: 41.02 M/s, 最高分辨率: 1920x1080, 平均帧率: 31.25, 视频编解码器: h264, 音频编解码器: aac
分类: 卫视频道, 名称: 山西卫视, 有效: 8, IPv4: 19, IPv6: 0, 最小延迟: 49 ms, 最高速率: 94.15 M/s, 平均速率: 41.36 M/s, 最高分辨率: 1920x1080, 平均帧率: 28.33, 视频编解码器: h264, 音频编解码器: aac
分类: 卫视频道, 名称: 陕西卫视, 有效: 8, IPv4: 21, IPv6: 0, 最小延迟: 63 ms, 最高速率: 61.75 M/s, 平均速率: 34.88 M/s, 最高分辨率: 1920x1080, 平均帧率: 32.22, 视频编解码器: h264, 音频编解码器: aac
分类: 卫视频道, 名称: 四川卫视, 有效: 12, IPv4: 40, IPv6: 0, 最小延迟: 63 ms, 最高速率: 72.80 M/s, 平均速率: 43.29 M/s, 最高分辨率: 1920x1080, 平均帧率: 29.69, 视频编解码器: h264, 音频编解码器: aac
分类: 卫视频道, 名称: 三沙卫视, 有效: 9, IPv4: 17, IPv6: 0, 最小延迟: 59 ms, 最高速率: 58.83 M/s, 平均速率: 33.16 M/s, 最高分辨率: 1920x1080, 平均帧率: 32.00, 视频编解码器: h264, 音频编解码器: aac
分类: 卫视频道, 名称: 天津卫视, 有效: 8, IPv4: 19, IPv6: 0, 最小延迟: 106 ms, 最高速率: 41.57 M/s, 平均速率: 19.15 M/s, 最高分辨率: 1920x1080, 平均帧率: 34.00, 视频编解码器: h264, 音频编解码器: aac
分类: 卫视频道, 名称: 西藏卫视, 有效: 8, IPv4: 17, IPv6: 0, 最小延迟: 63 ms, 最高速率: 66.77 M/s, 平均速率: 39.55 M/s, 最高分辨率: 1920x1080, 平均帧率: 31.67, 视频编解码器: h264, 音频编解码器: aac
分类: 卫视频道, 名称: 新疆卫视, 有效: 9, IPv4: 20, IPv6: 0, 最小延迟: 58 ms, 最高速率: 82.04 M/s, 平均速率: 30.46 M/s, 最高分辨率: 1920x1080, 平均帧率: 33.64, 视频编解码器: h264, 音频编解码器: aac
分类: 卫视频道, 名称: 云南卫视, 有效: 12, IPv4: 21, IPv6: 0, 最小延迟: 56 ms, 最高速率: 78.51 M/s, 平均速率: 43.75 M/s, 最高分辨率: 1920x1080, 平均帧率: 33.46, 视频编解码器: h264, 音频编解码器: aac
分类: 浙江频道, 名称: 浙江钱江都市, 有效: 0, IPv4: 1, IPv6: 0, 最小延迟: 955 ms, 最高速率: 0.09 M/s, 平均速率: 0.00 M/s, 最高分辨率: None, 平均帧率: 未知, 视频编解码器: 未知, 音频编解码器: 未知
分类: 卫视频道, 名称: 山东教育, 有效: 0, IPv4: 5, IPv6: 0, 最小延迟: 786 ms, 最高速率: 0.18 M/s, 平均速率: 0.00 M/s, 最高分辨率: None, 平均帧率: 未知, 视频编解码器: 未知, 音频编解码器: 未知
分类: 卫视频道, 名称: 安多卫视, 有效: 0, IPv4: 3, IPv6: 0, 最小延迟: -1 ms, 最高速率: 0.00 M/s, 平均速率: 0.00 M/s, 最高分辨率: None, 平均帧率: 未知, 视频编解码器: 未知, 音频编解码器: 未知
分类: 浙江频道, 名称: 浙江经济生活, 有效: 0, IPv4: 1, IPv6: 0, 最小延迟: 304 ms, 最高速率: 0.39 M/s, 平均速率: 0.00 M/s, 最高分辨率: 1920x1080, 平均帧率: 25.00, 视频编解码器: h264, 音频编解码器: aac
分类: 卫视频道, 名称: 兵团卫视, 有效: 10, IPv4: 24, IPv6: 0, 最小延迟: 42 ms, 最高速率: 104.58 M/s, 平均速率: 36.40 M/s, 最高分辨率: 1920x1080, 平均帧率: 32.92, 视频编解码器: h264, 音频编解码器: aac
分类: 浙江频道, 名称: 浙江民生休闲, 有效: 1, IPv4: 1, IPv6: 0, 最小延迟: 252 ms, 最高速率: 0.50 M/s, 平均速率: 0.50 M/s, 最高分辨率: 1920x1080, 平均帧率: 25.00, 视频编解码器: h264, 音频编解码器: aac
分类: 浙江频道, 名称: 浙江少儿, 有效: 1, IPv4: 4, IPv6: 0, 最小延迟: 319 ms, 最高速率: 0.54 M/s, 平均速率: 0.54 M/s, 最高分辨率: 1920x1080, 平均帧率: 25.00, 视频编解码器: h264, 音频编解码器: aac
分类: 浙江频道, 名称: 浙江教科影院, 有效: 0, IPv4: 1, IPv6: 0, 最小延迟: 313 ms, 最高速率: 0.40 M/s, 平均速率: 0.00 M/s, 最高分辨率: 1920x1080, 平均帧率: 25.00, 视频编解码器: h264, 音频编解码器: aac
分类: 浙江频道, 名称: 之江纪录, 有效: 1, IPv4: 2, IPv6: 0, 最小延迟: 186 ms, 最高速率: 0.83 M/s, 平均速率: 0.83 M/s, 最高分辨率: 1280x720, 平均帧率: 25.00, 视频编解码器: h264, 音频编解码器: aac
分类: 卫视频道, 名称: 山东教育卫视, 有效: 2, IPv4: 5, IPv6: 0, 最小延迟: 102 ms, 最高速率: 42.45 M/s, 平均速率: 41.67 M/s, 最高分辨率: 1920x1080, 平均帧率: 30.00, 视频编解码器: h264, 音频编解码器: aac
分类: 浙江频道, 名称: 龙游生活娱乐, 有效: 0, IPv4: 2, IPv6: 0, 最小延迟: 2425 ms, 最高速率: 0.00 M/s, 平均速率: 0.00 M/s, 最高分辨率: None, 平均帧率: 未知, 视频编解码器: 未知, 音频编解码器: 未知
分类: 浙江频道, 名称: 诸暨新闻综合, 有效: 0, IPv4: 2, IPv6: 0, 最小延迟: 5853 ms, 最高速率: 0.00 M/s, 平均速率: 0.00 M/s, 最高分辨率: None, 平均帧率: 未知, 视频编解码器: 未知, 音频编解码器: 未知
分类: 浙江频道, 名称: 龙游新闻综合, 有效: 0, IPv4: 2, IPv6: 0, 最小延迟: 4036 ms, 最高速率: 0.00 M/s, 平均速率: 0.00 M/s, 最高分辨率: None, 平均帧率: 未知, 视频编解码器: 未知, 音频编解码器: 未知
分类: 浙江频道, 名称: 龙泉新闻综合, 有效: 0, IPv4: 1, IPv6: 0, 最小延迟: -1 ms, 最高速率: 0.00 M/s, 平均速率: 0.00 M/s, 最高分辨率: None, 平均帧率: 未知, 视频编解码器: 未知, 音频编解码器: 未知
分类: 浙江频道, 名称: 萧山新闻综合, 有效: 0, IPv4: 1, IPv6: 0, 最小延迟: 3374 ms, 最高速率: 0.00 M/s, 平均速率: 0.00 M/s, 最高分辨率: None, 平均帧率: 未知, 视频编解码器: 未知, 音频编解码器: 未知
分类: 浙江频道, 名称: 苍南新闻综合, 有效: 0, IPv4: 1, IPv6: 0, 最小延迟: 1766 ms, 最高速率: 0.00 M/s, 平均速率: 0.00 M/s, 最高分辨率: None, 平均帧率: 未知, 视频编解码器: 未知, 音频编解码器: 未知
分类: 浙江频道, 名称: 绍兴新闻综合, 有效: 1, IPv4: 3, IPv6: 0, 最小延迟: 197 ms, 最高速率: 0.30 M/s, 平均速率: 0.28 M/s, 最高分辨率: 1280x720, 平均帧率: 25.00, 视频编解码器: h264, 音频编解码器: aac
分类: 浙江频道, 名称: 绍兴文化影院, 有效: 0, IPv4: 1, IPv6: 0, 最小延迟: 2190 ms, 最高速率: 0.17 M/s, 平均速率: 0.00 M/s, 最高分辨率: None, 平均帧率: 未知, 视频编解码器: 未知, 音频编解码器: 未知
分类: 浙江频道, 名称: 衢江新闻综合, 有效: 0, IPv4: 1, IPv6: 0, 最小延迟: 5031 ms, 最高速率: 0.00 M/s, 平均速率: 0.00 M/s, 最高分辨率: None, 平均帧率: 未知, 视频编解码器: 未知, 音频编解码器: 未知
分类: 浙江频道, 名称: 绍兴文化影视, 有效: 0, IPv4: 1, IPv6: 0, 最小延迟: 4342 ms, 最高速率: 0.11 M/s, 平均速率: 0.00 M/s, 最高分辨率: None, 平均帧率: 未知, 视频编解码器: 未知, 音频编解码器: 未知
分类: 浙江频道, 名称: 永嘉新闻综合, 有效: 0, IPv4: 1, IPv6: 0, 最小延迟: -1 ms, 最高速率: 0.00 M/s, 平均速率: 0.00 M/s, 最高分辨率: None, 平均帧率: 未知, 视频编解码器: 未知, 音频编解码器: 未知
分类: 浙江频道, 名称: 武义新闻综合, 有效: 0, IPv4: 1, IPv6: 0, 最小延迟: -1 ms, 最高速率: 0.00 M/s, 平均速率: 0.00 M/s, 最高分辨率: None, 平均帧率: 未知, 视频编解码器: 未知, 音频编解码器: 未知
分类: 浙江频道, 名称: 普陀新闻综合, 有效: 0, IPv4: 2, IPv6: 0, 最小延迟: -1 ms, 最高速率: 0.00 M/s, 平均速率: 0.00 M/s, 最高分辨率: None, 平均帧率: 未知, 视频编解码器: 未知, 音频编解码器: 未知
分类: 浙江频道, 名称: 文成综合, 有效: 0, IPv4: 1, IPv6: 0, 最小延迟: -1 ms, 最高速率: 0.00 M/s, 平均速率: 0.00 M/s, 最高分辨率: None, 平均帧率: 未知, 视频编解码器: 未知, 音频编解码器: 未知
分类: 浙江频道, 名称: 开化新闻综合, 有效: 0, IPv4: 1, IPv6: 0, 最小延迟: -1 ms, 最高速率: 0.00 M/s, 平均速率: 0.00 M/s, 最高分辨率: None, 平均帧率: 未知, 视频编解码器: 未知, 音频编解码器: 未知
分类: 浙江频道, 名称: 开化国家公园, 有效: 0, IPv4: 1, IPv6: 0, 最小延迟: -1 ms, 最高速率: 0.00 M/s, 平均速率: 0.00 M/s, 最高分辨率: None, 平均帧率: 未知, 视频编解码器: 未知, 音频编解码器: 未知
分类: 浙江频道, 名称: 平湖新闻综合, 有效: 0, IPv4: 1, IPv6: 0, 最小延迟: -1 ms, 最高速率: 0.00 M/s, 平均速率: 0.00 M/s, 最高分辨率: None, 平均帧率: 未知, 视频编解码器: 未知, 音频编解码器: 未知
分类: 浙江频道, 名称: 平湖民生休闲, 有效: 0, IPv4: 2, IPv6: 0, 最小延迟: 4572 ms, 最高速率: 0.00 M/s, 平均速率: 0.00 M/s, 最高分辨率: None, 平均帧率: 未知, 视频编解码器: 未知, 音频编解码器: 未知
分类: 浙江频道, 名称: 余姚新闻综合, 有效: 0, IPv4: 2, IPv6: 0, 最小延迟: -1 ms, 最高速率: 0.00 M/s, 平均速率: 0.00 M/s, 最高分辨率: None, 平均帧率: 未知, 视频编解码器: 未知, 音频编解码器: 未知
分类: 浙江频道, 名称: 义乌新闻综合, 有效: 0, IPv4: 1, IPv6: 0, 最小延迟: 400 ms, 最高速率: 0.07 M/s, 平均速率: 0.00 M/s, 最高分辨率: None, 平均帧率: 未知, 视频编解码器: 未知, 音频编解码器: 未知
分类: 浙江频道, 名称: 兰溪新闻综合, 有效: 0, IPv4: 1, IPv6: 0, 最小延迟: 7535 ms, 最高速率: 0.00 M/s, 平均速率: 0.00 M/s, 最高分辨率: None, 平均帧率: 未知, 视频编解码器: 未知, 音频编解码器: 未知
分类: 浙江频道, 名称: 嵊州新闻综合, 有效: 0, IPv4: 2, IPv6: 0, 最小延迟: 8100 ms, 最高速率: 0.00 M/s, 平均速率: 0.00 M/s, 最高分辨率: None, 平均帧率: 未知, 视频编解码器: 未知, 音频编解码器: 未知
分类: 浙江频道, 名称: 云和新闻综合, 有效: 0, IPv4: 1, IPv6: 0, 最小延迟: -1 ms, 最高速率: 0.00 M/s, 平均速率: 0.00 M/s, 最高分辨率: None, 平均帧率: 未知, 视频编解码器: 未知, 音频编解码器: 未知
分类: 浙江频道, 名称: 余姚姚江文化, 有效: 0, IPv4: 2, IPv6: 0, 最小延迟: -1 ms, 最高速率: 0.00 M/s, 平均速率: 0.00 M/s, 最高分辨率: None, 平均帧率: 未知, 视频编解码器: 未知, 音频编解码器: 未知
分类: 浙江频道, 名称: 东阳影视生活, 有效: 0, IPv4: 1, IPv6: 0, 最小延迟: 9099 ms, 最高速率: 0.00 M/s, 平均速率: 0.00 M/s, 最高分辨率: None, 平均帧率: 未知, 视频编解码器: 未知, 音频编解码器: 未知
分类: 浙江频道, 名称: 上虞新商都, 有效: 0, IPv4: 2, IPv6: 0, 最小延迟: 4084 ms, 最高速率: 0.00 M/s, 平均速率: 0.00 M/s, 最高分辨率: None, 平均帧率: 未知, 视频编解码器: 未知, 音频编解码器: 未知
分类: 浙江频道, 名称: 上虞文化影院, 有效: 0, IPv4: 1, IPv6: 0, 最小延迟: 6004 ms, 最高速率: 0.00 M/s, 平均速率: 0.00 M/s, 最高分辨率: None, 平均帧率: 未知, 视频编解码器: 未知, 音频编解码器: 未知
分类: 浙江频道, 名称: 上虞新闻综合, 有效: 0, IPv4: 1, IPv6: 0, 最小延迟: -1 ms, 最高速率: 0.00 M/s, 平均速率: 0.00 M/s, 最高分辨率: None, 平均帧率: 未知, 视频编解码器: 未知, 音频编解码器: 未知
分类: 北京频道, 名称: 北京新闻, 有效: 0, IPv4: 4, IPv6: 0, 最小延迟: -1 ms, 最高速率: 0.00 M/s, 平均速率: 0.00 M/s, 最高分辨率: None, 平均帧率: 未知, 视频编解码器: 未知, 音频编解码器: 未知
分类: 北京频道, 名称: 北京生活, 有效: 0, IPv4: 4, IPv6: 0, 最小延迟: -1 ms, 最高速率: 0.00 M/s, 平均速率: 0.00 M/s, 最高分辨率: None, 平均帧率: 未知, 视频编解码器: 未知, 音频编解码器: 未知
分类: 北京频道, 名称: BRTV新闻, 有效: 0, IPv4: 1, IPv6: 0, 最小延迟: -1 ms, 最高速率: 0.00 M/s, 平均速率: 0.00 M/s, 最高分辨率: None, 平均帧率: 未知, 视频编解码器: 未知, 音频编解码器: 未知
分类: 北京频道, 名称: BRTV影视, 有效: 0, IPv4: 1, IPv6: 0, 最小延迟: -1 ms, 最高速率: 0.00 M/s, 平均速率: 0.00 M/s, 最高分辨率: None, 平均帧率: 未知, 视频编解码器: 未知, 音频编解码器: 未知
分类: 北京频道, 名称: BRTV文艺, 有效: 0, IPv4: 1, IPv6: 0, 最小延迟: -1 ms, 最高速率: 0.00 M/s, 平均速率: 0.00 M/s, 最高分辨率: None, 平均帧率: 未知, 视频编解码器: 未知, 音频编解码器: 未知
分类: 北京频道, 名称: BRTV财经, 有效: 0, IPv4: 1, IPv6: 0, 最小延迟: -1 ms, 最高速率: 0.00 M/s, 平均速率: 0.00 M/s, 最高分辨率: None, 平均帧率: 未知, 视频编解码器: 未知, 音频编解码器: 未知
分类: 北京频道, 名称: BRTV生活, 有效: 0, IPv4: 1, IPv6: 0, 最小延迟: -1 ms, 最高速率: 0.00 M/s, 平均速率: 0.00 M/s, 最高分辨率: None, 平均帧率: 未知, 视频编解码器: 未知, 音频编解码器: 未知
分类: 上海频道, 名称: 上海教育, 有效: 4, IPv4: 4, IPv6: 0, 最小延迟: 59 ms, 最高速率: 86.97 M/s, 平均速率: 51.62 M/s, 最高分辨率: 1920x1080, 平均帧率: 30.00, 视频编解码器: h264, 音频编解码器: aac
分类: 北京频道, 名称: 北京财经, 有效: 0, IPv4: 4, IPv6: 0, 最小延迟: -1 ms, 最高速率: 0.00 M/s, 平均速率: 0.00 M/s, 最高分辨率: None, 平均帧率: 未知, 视频编解码器: 未知, 音频编解码器: 未知
分类: 北京频道, 名称: BRTV体育休闲, 有效: 0, IPv4: 1, IPv6: 0, 最小延迟: -1 ms, 最高速率: 0.00 M/s, 平均速率: 0.00 M/s, 最高分辨率: None, 平均帧率: 未知, 视频编解码器: 未知, 音频编解码器: 未知
分类: 北京频道, 名称: 北京卡酷少儿, 有效: 12, IPv4: 20, IPv6: 0, 最小延迟: 53 ms, 最高速率: 90.07 M/s, 平均速率: 34.98 M/s, 最高分辨率: 1920x1080, 平均帧率: 31.25, 视频编解码器: h264, 音频编解码器: aac
分类: 北京频道, 名称: 北京青年, 有效: 0, IPv4: 2, IPv6: 0, 最小延迟: -1 ms, 最高速率: 0.00 M/s, 平均速率: 0.00 M/s, 最高分辨率: None, 平均帧率: 未知, 视频编解码器: 未知, 音频编解码器: 未知
分类: 上海频道, 名称: 上海都市, 有效: 4, IPv4: 4, IPv6: 0, 最小延迟: 57 ms, 最高速率: 59.96 M/s, 平均速率: 56.24 M/s, 最高分辨率: 1920x1080, 平均帧率: 30.00, 视频编解码器: h264, 音频编解码器: aac
分类: 上海频道, 名称: 东方影视, 有效: 4, IPv4: 4, IPv6: 0, 最小延迟: 82 ms, 最高速率: 49.65 M/s, 平均速率: 40.96 M/s, 最高分辨率: 1920x1080, 平均帧率: 30.00, 视频编解码器: h264, 音频编解码器: aac
分类: 上海频道, 名称: 东方财经, 有效: 2, IPv4: 2, IPv6: 0, 最小延迟: 67 ms, 最高速率: 55.58 M/s, 平均速率: 50.31 M/s, 最高分辨率: 1920x1080, 平均帧率: 30.00, 视频编解码器: h264, 音频编解码器: aac
分类: 上海频道, 名称: 第一财经, 有效: 4, IPv4: 4, IPv6: 0, 最小延迟: 63 ms, 最高速率: 68.38 M/s, 平均速率: 57.49 M/s, 最高分辨率: 1920x1080, 平均帧率: 30.00, 视频编解码器: h264, 音频编解码器: aac
分类: 上海频道, 名称: 法治天地, 有效: 4, IPv4: 4, IPv6: 0, 最小延迟: 66 ms, 最高速率: 56.13 M/s, 平均速率: 51.30 M/s, 最高分辨率: 1920x1080, 平均帧率: 30.00, 视频编解码器: h264, 音频编解码器: aac
分类: 上海频道, 名称: 欢笑剧场, 有效: 0, IPv4: 1, IPv6: 0, 最小延迟: -1 ms, 最高速率: 0.00 M/s, 平均速率: 0.00 M/s, 最高分辨率: None, 平均帧率: 未知, 视频编解码器: 未知, 音频编解码器: 未知
分类: 上海频道, 名称: 上海新闻综合, 有效: 4, IPv4: 9, IPv6: 0, 最小延迟: 43 ms, 最高速率: 120.15 M/s, 平均速率: 55.38 M/s, 最高分辨率: 1920x1080, 平均帧率: 30.00, 视频编解码器: h264, 音频编解码器: aac
分类: 上海频道, 名称: 上海第一财经, 有效: 0, IPv4: 5, IPv6: 0, 最小延迟: -1 ms, 最高速率: 0.00 M/s, 平均速率: 0.00 M/s, 最高分辨率: None, 平均帧率: 未知, 视频编解码器: 未知, 音频编解码器: 未知
分类: 重庆频道, 名称: 万源新闻综合, 有效: 0, IPv4: 2, IPv6: 0, 最小延迟: -1 ms, 最高速率: 0.00 M/s, 平均速率: 0.00 M/s, 最高分辨率: None, 平均帧率: 未知, 视频编解码器: 未知, 音频编解码器: 未知
分类: 重庆频道, 名称: 璧山综合, 有效: 0, IPv4: 2, IPv6: 0, 最小延迟: -1 ms, 最高速率: 0.00 M/s, 平均速率: 0.00 M/s, 最高分辨率: None, 平均帧率: 未知, 视频编解码器: 未知, 音频编解码器: 未知
分类: 重庆频道, 名称: 铜梁综合, 有效: 0, IPv4: 3, IPv6: 0, 最小延迟: 528 ms, 最高速率: 0.10 M/s, 平均速率: 0.00 M/s, 最高分辨率: None, 平均帧率: 未知, 视频编解码器: 未知, 音频编解码器: 未知
分类: 重庆频道, 名称: 重庆汽摩, 有效: 1, IPv4: 2, IPv6: 0, 最小延迟: 315 ms, 最高速率: 1.18 M/s, 平均速率: 1.18 M/s, 最高分辨率: 1280x720, 平均帧率: 25.00, 视频编解码器: h264, 音频编解码器: aac
分类: 上海频道, 名称: 动漫秀场, 有效: 5, IPv4: 6, IPv6: 0, 最小延迟: 62 ms, 最高速率: 59.22 M/s, 平均速率: 36.65 M/s, 最高分辨率: 1920x1080, 平均帧率: 29.00, 视频编解码器: h264, 音频编解码器: aac
分类: 重庆频道, 名称: 涪陵电视台, 有效: 0, IPv4: 1, IPv6: 0, 最小延迟: 2170 ms, 最高速率: 0.04 M/s, 平均速率: 0.00 M/s, 最高分辨率: None, 平均帧率: 未知, 视频编解码器: 未知, 音频编解码器: 未知
分类: 重庆频道, 名称: 荣昌综合, 有效: 0, IPv4: 2, IPv6: 0, 最小延迟: 456 ms, 最高速率: 0.29 M/s, 平均速率: 0.00 M/s, 最高分辨率: 720x404, 平均帧率: 25.00, 视频编解码器: h264, 音频编解码器: aac
分类: 上海频道, 名称: 哈哈炫动, 有效: 7, IPv4: 10, IPv6: 0, 最小延迟: 54 ms, 最高速率: 70.36 M/s, 平均速率: 47.63 M/s, 最高分辨率: 1920x1080, 平均帧率: 29.29, 视频编解码器: h264, 音频编解码器: aac
分类: 上海频道, 名称: 生活时尚, 有效: 4, IPv4: 5, IPv6: 0, 最小延迟: 57 ms, 最高速率: 91.81 M/s, 平均速率: 62.74 M/s, 最高分辨率: 1920x1080, 平均帧率: 30.00, 视频编解码器: h264, 音频编解码器: aac
分类: 上海频道, 名称: 都市剧场, 有效: 4, IPv4: 5, IPv6: 0, 最小延迟: 65 ms, 最高速率: 55.35 M/s, 平均速率: 49.10 M/s, 最高分辨率: 1920x1080, 平均帧率: 30.00, 视频编解码器: h264, 音频编解码器: aac
分类: 重庆频道, 名称: 潼南综合, 有效: 0, IPv4: 1, IPv6: 0, 最小延迟: 1311 ms, 最高速率: 0.32 M/s, 平均速率: 0.00 M/s, 最高分辨率: 1920x1080, 平均帧率: 25.00, 视频编解码器: h264, 音频编解码器: aac
分类: 重庆频道, 名称: 武隆综合, 有效: 0, IPv4: 1, IPv6: 0, 最小延迟: -1 ms, 最高速率: 0.00 M/s, 平均速率: 0.00 M/s, 最高分辨率: None, 平均帧率: 未知, 视频编解码器: 未知, 音频编解码器: 未知
分类: 重庆频道, 名称: 重庆新闻, 有效: 1, IPv4: 2, IPv6: 0, 最小延迟: 114 ms, 最高速率: 1.20 M/s, 平均速率: 1.20 M/s, 最高分辨率: 1280x720, 平均帧率: 25.00, 视频编解码器: h264, 音频编解码器: aac
分类: 江苏频道, 名称: 南京十八, 有效: 0, IPv4: 3, IPv6: 0, 最小延迟: -1 ms, 最高速率: 0.00 M/s, 平均速率: 0.00 M/s, 最高分辨率: None, 平均帧率: 未知, 视频编解码器: 未知, 音频编解码器: 未知
分类: 江苏频道, 名称: 南京娱乐, 有效: 0, IPv4: 3, IPv6: 0, 最小延迟: -1 ms, 最高速率: 0.00 M/s, 平均速率: 0.00 M/s, 最高分辨率: None, 平均帧率: 未知, 视频编解码器: 未知, 音频编解码器: 未知
分类: 江苏频道, 名称: 句容党建, 有效: 0, IPv4: 2, IPv6: 0, 最小延迟: 342 ms, 最高速率: 0.22 M/s, 平均速率: 0.00 M/s, 最高分辨率: 768x576, 平均帧率: 未知, 视频编解码器: 未知, 音频编解码器: 未知
分类: 江苏频道, 名称: 句容新闻综合, 有效: 0, IPv4: 2, IPv6: 0, 最小延迟: 214 ms, 最高速率: 1.58 M/s, 平均速率: 0.00 M/s, 最高分辨率: 1024x576, 平均帧率: 未知, 视频编解码器: 未知, 音频编解码器: 未知
分类: 江苏频道, 名称: 南通新闻综合, 有效: 0, IPv4: 4, IPv6: 0, 最小延迟: -1 ms, 最高速率: 0.00 M/s, 平均速率: 0.00 M/s, 最高分辨率: None, 平均帧率: 未知, 视频编解码器: 未知, 音频编解码器: 未知
分类: 江苏频道, 名称: 句容生活, 有效: 0, IPv4: 1, IPv6: 0, 最小延迟: 491 ms, 最高速率: 1.39 M/s, 平均速率: 0.00 M/s, 最高分辨率: 1024x576, 平均帧率: 未知, 视频编解码器: 未知, 音频编解码器: 未知
分类: 江苏频道, 名称: 姜堰新闻综合, 有效: 0, IPv4: 2, IPv6: 0, 最小延迟: -1 ms, 最高速率: 0.00 M/s, 平均速率: 0.00 M/s, 最高分辨率: None, 平均帧率: 未知, 视频编解码器: 未知, 音频编解码器: 未知
分类: 重庆频道, 名称: 垫江综合, 有效: 0, IPv4: 1, IPv6: 0, 最小延迟: -1 ms, 最高速率: 0.00 M/s, 平均速率: 0.00 M/s, 最高分辨率: None, 平均帧率: 未知, 视频编解码器: 未知, 音频编解码器: 未知
分类: 重庆频道, 名称: 万州综合, 有效: 0, IPv4: 2, IPv6: 0, 最小延迟: -1 ms, 最高速率: 0.00 M/s, 平均速率: 0.00 M/s, 最高分辨率: None, 平均帧率: 未知, 视频编解码器: 未知, 音频编解码器: 未知
分类: 江苏频道, 名称: 宜兴紫砂, 有效: 0, IPv4: 1, IPv6: 0, 最小延迟: -1 ms, 最高速率: 0.00 M/s, 平均速率: 0.00 M/s, 最高分辨率: None, 平均帧率: 未知, 视频编解码器: 未知, 音频编解码器: 未知
分类: 江苏频道, 名称: 江宁电视台综合, 有效: 0, IPv4: 1, IPv6: 0, 最小延迟: -1 ms, 最高速率: 0.00 M/s, 平均速率: 0.00 M/s, 最高分辨率: None, 平均帧率: 未知, 视频编解码器: 未知, 音频编解码器: 未知
分类: 重庆频道, 名称: 万州三峡移民, 有效: 0, IPv4: 1, IPv6: 0, 最小延迟: -1 ms, 最高速率: 0.00 M/s, 平均速率: 0.00 M/s, 最高分辨率: None, 平均帧率: 未知, 视频编解码器: 未知, 音频编解码器: 未知
分类: 江苏频道, 名称: 武进新闻, 有效: 0, IPv4: 1, IPv6: 0, 最小延迟: 1524 ms, 最高速率: 0.05 M/s, 平均速率: 0.00 M/s, 最高分辨率: None, 平均帧率: 未知, 视频编解码器: 未知, 音频编解码器: 未知
分类: 江苏频道, 名称: 武进生活, 有效: 0, IPv4: 2, IPv6: 0, 最小延迟: 578 ms, 最高速率: 0.07 M/s, 平均速率: 0.00 M/s, 最高分辨率: None, 平均帧率: 未知, 视频编解码器: 未知, 音频编解码器: 未知
分类: 江苏频道, 名称: 沛县新闻综合, 有效: 0, IPv4: 2, IPv6: 0, 最小延迟: -1 ms, 最高速率: 0.00 M/s, 平均速率: 0.00 M/s, 最高分辨率: None, 平均帧率: 未知, 视频编解码器: 未知, 音频编解码器: 未知
分类: 江苏频道, 名称: 泗阳资讯, 有效: 0, IPv4: 1, IPv6: 0, 最小延迟: -1 ms, 最高速率: 0.00 M/s, 平均速率: 0.00 M/s, 最高分辨率: None, 平均帧率: 未知, 视频编解码器: 未知, 音频编解码器: 未知
分类: 江苏频道, 名称: 优漫卡通, 有效: 4, IPv4: 12, IPv6: 0, 最小延迟: 60 ms, 最高速率: 44.18 M/s, 平均速率: 23.17 M/s, 最高分辨率: 1920x1080, 平均帧率: 32.50, 视频编解码器: h264, 音频编解码器: aac
分类: 江苏频道, 名称: 江苏教育, 有效: 0, IPv4: 4, IPv6: 0, 最小延迟: -1 ms, 最高速率: 0.00 M/s, 平均速率: 0.00 M/s, 最高分辨率: None, 平均帧率: 未知, 视频编解码器: 未知, 音频编解码器: 未知
分类: 江苏频道, 名称: 淮安新闻综合, 有效: 0, IPv4: 4, IPv6: 0, 最小延迟: -1 ms, 最高速率: 0.00 M/s, 平均速率: 0.00 M/s, 最高分辨率: None, 平均帧率: 未知, 视频编解码器: 未知, 音频编解码器: 未知
分类: 江苏频道, 名称: 溧水新闻综合, 有效: 0, IPv4: 4, IPv6: 0, 最小延迟: -1 ms, 最高速率: 0.00 M/s, 平均速率: 0.00 M/s, 最高分辨率: None, 平均帧率: 未知, 视频编解码器: 未知, 音频编解码器: 未知
分类: 江苏频道, 名称: 睢宁综合, 有效: 0, IPv4: 2, IPv6: 0, 最小延迟: -1 ms, 最高速率: 0.00 M/s, 平均速率: 0.00 M/s, 最高分辨率: None, 平均帧率: 未知, 视频编解码器: 未知, 音频编解码器: 未知
分类: 江苏频道, 名称: 张家港新闻综合, 有效: 0, IPv4: 1, IPv6: 0, 最小延迟: -1 ms, 最高速率: 0.00 M/s, 平均速率: 0.00 M/s, 最高分辨率: None, 平均帧率: 未知, 视频编解码器: 未知, 音频编解码器: 未知
分类: 江苏频道, 名称: 赣榆新闻综合, 有效: 0, IPv4: 1, IPv6: 0, 最小延迟: -1 ms, 最高速率: 0.00 M/s, 平均速率: 0.00 M/s, 最高分辨率: None, 平均帧率: 未知, 视频编解码器: 未知, 音频编解码器: 未知
分类: 江苏频道, 名称: 泗洪新闻综合, 有效: 0, IPv4: 2, IPv6: 0, 最小延迟: -1 ms, 最高速率: 0.00 M/s, 平均速率: 0.00 M/s, 最高分辨率: None, 平均帧率: 未知, 视频编解码器: 未知, 音频编解码器: 未知
分类: 江苏频道, 名称: 泗阳综合, 有效: 0, IPv4: 2, IPv6: 0, 最小延迟: -1 ms, 最高速率: 0.00 M/s, 平均速率: 0.00 M/s, 最高分辨率: None, 平均帧率: 未知, 视频编解码器: 未知, 音频编解码器: 未知
分类: 江苏频道, 名称: 淮安公共, 有效: 0, IPv4: 1, IPv6: 0, 最小延迟: -1 ms, 最高速率: 0.00 M/s, 平均速率: 0.00 M/s, 最高分辨率: None, 平均帧率: 未知, 视频编解码器: 未知, 音频编解码器: 未知
分类: 江苏频道, 名称: 淮安影院娱乐, 有效: 0, IPv4: 1, IPv6: 0, 最小延迟: -1 ms, 最高速率: 0.00 M/s, 平均速率: 0.00 M/s, 最高分辨率: None, 平均帧率: 未知, 视频编解码器: 未知, 音频编解码器: 未知
分类: 江苏频道, 名称: 睢宁三农, 有效: 0, IPv4: 3, IPv6: 0, 最小延迟: -1 ms, 最高速率: 0.00 M/s, 平均速率: 0.00 M/s, 最高分辨率: None, 平均帧率: 未知, 视频编解码器: 未知, 音频编解码器: 未知
分类: 湖南频道, 名称: 湖南都市, 有效: 0, IPv4: 1, IPv6: 0, 最小延迟: -1 ms, 最高速率: 0.00 M/s, 平均速率: 0.00 M/s, 最高分辨率: None, 平均帧率: 未知, 视频编解码器: 未知, 音频编解码器: 未知
分类: 湖南频道, 名称: 湖南经视, 有效: 0, IPv4: 1, IPv6: 0, 最小延迟: -1 ms, 最高速率: 0.00 M/s, 平均速率: 0.00 M/s, 最高分辨率: None, 平均帧率: 未知, 视频编解码器: 未知, 音频编解码器: 未知
分类: 湖南频道, 名称: 湖南电视剧, 有效: 0, IPv4: 1, IPv6: 0, 最小延迟: -1 ms, 最高速率: 0.00 M/s, 平均速率: 0.00 M/s, 最高分辨率: None, 平均帧率: 未知, 视频编解码器: 未知, 音频编解码器: 未知
分类: 江苏频道, 名称: 靖江新闻综合, 有效: 0, IPv4: 2, IPv6: 0, 最小延迟: 304 ms, 最高速率: 0.17 M/s, 平均速率: 0.00 M/s, 最高分辨率: 1280x720, 平均帧率: 未知, 视频编解码器: 未知, 音频编解码器: 未知
分类: 湖南频道, 名称: 湖南爱晚, 有效: 0, IPv4: 1, IPv6: 0, 最小延迟: -1 ms, 最高速率: 0.00 M/s, 平均速率: 0.00 M/s, 最高分辨率: None, 平均帧率: 未知, 视频编解码器: 未知, 音频编解码器: 未知
分类: 湖南频道, 名称: 湖南电影, 有效: 0, IPv4: 1, IPv6: 0, 最小延迟: -1 ms, 最高速率: 0.00 M/s, 平均速率: 0.00 M/s, 最高分辨率: None, 平均帧率: 未知, 视频编解码器: 未知, 音频编解码器: 未知
分类: 江苏频道, 名称: 连云港公共, 有效: 0, IPv4: 1, IPv6: 0, 最小延迟: -1 ms, 最高速率: 0.00 M/s, 平均速率: 0.00 M/s, 最高分辨率: None, 平均帧率: 未知, 视频编解码器: 未知, 音频编解码器: 未知
分类: 湖南频道, 名称: 湖南国际, 有效: 0, IPv4: 1, IPv6: 0, 最小延迟: -1 ms, 最高速率: 0.00 M/s, 平均速率: 0.00 M/s, 最高分辨率: None, 平均帧率: 未知, 视频编解码器: 未知, 音频编解码器: 未知
分类: 湖南频道, 名称: 湖南教育, 有效: 2, IPv4: 3, IPv6: 0, 最小延迟: 130 ms, 最高速率: 0.92 M/s, 平均速率: 0.79 M/s, 最高分辨率: 1280x720, 平均帧率: 30.00, 视频编解码器: h264, 音频编解码器: aac
分类: 江苏频道, 名称: 连云港新闻综合, 有效: 0, IPv4: 6, IPv6: 0, 最小延迟: -1 ms, 最高速率: 0.00 M/s, 平均速率: 0.00 M/s, 最高分辨率: None, 平均帧率: 未知, 视频编解码器: 未知, 音频编解码器: 未知
分类: 湖南频道, 名称: 湖南娱乐, 有效: 3, IPv4: 4, IPv6: 0, 最小延迟: 94 ms, 最高速率: 4.81 M/s, 平均速率: 2.36 M/s, 最高分辨率: 1280x720, 平均帧率: 25.00, 视频编解码器: h264, 音频编解码器: aac
分类: 江苏频道, 名称: 镇江二套社会民生, 有效: 0, IPv4: 1, IPv6: 0, 最小延迟: -1 ms, 最高速率: 0.00 M/s, 平均速率: 0.00 M/s, 最高分辨率: None, 平均帧率: 未知, 视频编解码器: 未知, 音频编解码器: 未知
分类: 江苏频道, 名称: 镇江新闻综合, 有效: 0, IPv4: 5, IPv6: 0, 最小延迟: -1 ms, 最高速率: 0.00 M/s, 平均速率: 0.00 M/s, 最高分辨率: None, 平均帧率: 未知, 视频编解码器: 未知, 音频编解码器: 未知
分类: 辽宁频道, 名称: 辽宁教育青少, 有效: 0, IPv4: 1, IPv6: 0, 最小延迟: -1 ms, 最高速率: 0.00 M/s, 平均速率: 0.00 M/s, 最高分辨率: None, 平均帧率: 未知, 视频编解码器: 未知, 音频编解码器: 未知
分类: 湖北频道, 名称: 湖北综合, 有效: 2, IPv4: 6, IPv6: 0, 最小延迟: 69 ms, 最高速率: 1.04 M/s, 平均速率: 0.96 M/s, 最高分辨率: 1280x720, 平均帧率: 25.00, 视频编解码器: h264, 音频编解码器: aac
分类: 湖南频道, 名称: 金鹰纪实, 有效: 6, IPv4: 10, IPv6: 0, 最小延迟: 44 ms, 最高速率: 115.45 M/s, 平均速率: 69.64 M/s, 最高分辨率: 1920x1080, 平均帧率: 30.00, 视频编解码器: h264, 音频编解码器: aac
分类: 湖南频道, 名称: 湘潭新闻综合, 有效: 0, IPv4: 2, IPv6: 0, 最小延迟: -1 ms, 最高速率: 0.00 M/s, 平均速率: 0.00 M/s, 最高分辨率: None, 平均帧率: 未知, 视频编解码器: 未知, 音频编解码器: 未知
分类: 湖北频道, 名称: 湖北经视, 有效: 3, IPv4: 7, IPv6: 0, 最小延迟: 71 ms, 最高速率: 0.97 M/s, 平均速率: 0.51 M/s, 最高分辨率: 1280x720, 平均帧率: 42.50, 视频编解码器: h264, 音频编解码器: aac
分类: 湖北频道, 名称: 湖北生活, 有效: 2, IPv4: 6, IPv6: 0, 最小延迟: 80 ms, 最高速率: 1.71 M/s, 平均速率: 1.21 M/s, 最高分辨率: 1280x720, 平均帧率: 25.00, 视频编解码器: h264, 音频编解码器: aac
分类: 湖北频道, 名称: 湖北教育, 有效: 2, IPv4: 6, IPv6: 0, 最小延迟: 57 ms, 最高速率: 2.80 M/s, 平均速率: 2.03 M/s, 最高分辨率: 1280x720, 平均帧率: 42.50, 视频编解码器: h264, 音频编解码器: aac
分类: 湖北频道, 名称: 湖北影视, 有效: 2, IPv4: 6, IPv6: 0, 最小延迟: 58 ms, 最高速率: 3.55 M/s, 平均速率: 2.00 M/s, 最高分辨率: 1280x720, 平均帧率: 25.00, 视频编解码器: h264, 音频编解码器: aac
分类: 湖北频道, 名称: 湖北公共新闻, 有效: 0, IPv4: 2, IPv6: 0, 最小延迟: -1 ms, 最高速率: 0.00 M/s, 平均速率: 0.00 M/s, 最高分辨率: None, 平均帧率: 未知, 视频编解码器: 未知, 音频编解码器: 未知
分类: 湖北频道, 名称: 武汉经济, 有效: 0, IPv4: 1, IPv6: 0, 最小延迟: -1 ms, 最高速率: 0.00 M/s, 平均速率: 0.00 M/s, 最高分辨率: None, 平均帧率: 未知, 视频编解码器: 未知, 音频编解码器: 未知
分类: 湖北频道, 名称: 武汉文体, 有效: 0, IPv4: 1, IPv6: 0, 最小延迟: -1 ms, 最高速率: 0.00 M/s, 平均速率: 0.00 M/s, 最高分辨率: None, 平均帧率: 未知, 视频编解码器: 未知, 音频编解码器: 未知
分类: 湖北频道, 名称: 武汉外语, 有效: 0, IPv4: 1, IPv6: 0, 最小延迟: -1 ms, 最高速率: 0.00 M/s, 平均速率: 0.00 M/s, 最高分辨率: None, 平均帧率: 未知, 视频编解码器: 未知, 音频编解码器: 未知
分类: 湖北频道, 名称: 十堰新闻, 有效: 0, IPv4: 1, IPv6: 0, 最小延迟: -1 ms, 最高速率: 0.00 M/s, 平均速率: 0.00 M/s, 最高分辨率: None, 平均帧率: 未知, 视频编解码器: 未知, 音频编解码器: 未知
分类: 湖北频道, 名称: 湖北垄上, 有效: 2, IPv4: 6, IPv6: 0, 最小延迟: 297 ms, 最高速率: 1.25 M/s, 平均速率: 0.84 M/s, 最高分辨率: 1280x720, 平均帧率: 25.00, 视频编解码器: h264, 音频编解码器: aac
分类: 湖北频道, 名称: 武汉教育, 有效: 0, IPv4: 3, IPv6: 0, 最小延迟: 2496 ms, 最高速率: 0.01 M/s, 平均速率: 0.00 M/s, 最高分辨率: None, 平均帧率: 未知, 视频编解码器: 未知, 音频编解码器: 未知
分类: 湖北频道, 名称: 武汉新闻综合, 有效: 0, IPv4: 3, IPv6: 0, 最小延迟: 5797 ms, 最高速率: 0.00 M/s, 平均速率: 0.00 M/s, 最高分辨率: None, 平均帧率: 未知, 视频编解码器: 未知, 音频编解码器: 未知
分类: 广西频道, 名称: 南宁新闻综合, 有效: 1, IPv4: 1, IPv6: 0, 最小延迟: 457 ms, 最高速率: 0.43 M/s, 平均速率: 0.43 M/s, 最高分辨率: 1280x720, 平均帧率: 25.00, 视频编解码器: h264, 音频编解码器: aac
分类: 湖北频道, 名称: 武汉生活, 有效: 0, IPv4: 2, IPv6: 0, 最小延迟: 5114 ms, 最高速率: 0.00 M/s, 平均速率: 0.00 M/s, 最高分辨率: None, 平均帧率: 未知, 视频编解码器: 未知, 音频编解码器: 未知
分类: 湖北频道, 名称: 崇阳综合, 有效: 0, IPv4: 1, IPv6: 0, 最小延迟: -1 ms, 最高速率: 0.00 M/s, 平均速率: 0.00 M/s, 最高分辨率: None, 平均帧率: 未知, 视频编解码器: 未知, 音频编解码器: 未知
分类: 广西频道, 名称: 南宁都市生活, 有效: 1, IPv4: 1, IPv6: 0, 最小延迟: 506 ms, 最高速率: 0.31 M/s, 平均速率: 0.31 M/s, 最高分辨率: 1280x720, 平均帧率: 25.00, 视频编解码器: h264, 音频编解码器: aac
分类: 广西频道, 名称: 北海新闻综合, 有效: 0, IPv4: 1, IPv6: 0, 最小延迟: -1 ms, 最高速率: 0.00 M/s, 平均速率: 0.00 M/s, 最高分辨率: None, 平均帧率: 未知, 视频编解码器: 未知, 音频编解码器: 未知
分类: 广西频道, 名称: 广西国际, 有效: 4, IPv4: 4, IPv6: 0, 最小延迟: 129 ms, 最高速率: 23.60 M/s, 平均速率: 10.96 M/s, 最高分辨率: 1920x1080, 平均帧率: 25.00, 视频编解码器: h264, 音频编解码器: aac
分类: 广西频道, 名称: 罗城综合, 有效: 0, IPv4: 1, IPv6: 0, 最小延迟: -1 ms, 最高速率: 0.00 M/s, 平均速率: 0.00 M/s, 最高分辨率: None, 平均帧率: 未知, 视频编解码器: 未知, 音频编解码器: 未知
分类: 广西频道, 名称: 桂林新闻, 有效: 0, IPv4: 2, IPv6: 0, 最小延迟: -1 ms, 最高速率: 0.00 M/s, 平均速率: 0.00 M/s, 最高分辨率: None, 平均帧率: 未知, 视频编解码器: 未知, 音频编解码器: 未知
分类: 广西频道, 名称: 贺州综合, 有效: 0, IPv4: 2, IPv6: 0, 最小延迟: -1 ms, 最高速率: 0.00 M/s, 平均速率: 0.00 M/s, 最高分辨率: None, 平均帧率: 未知, 视频编解码器: 未知, 音频编解码器: 未知
分类: 广西频道, 名称: 南宁影视娱乐, 有效: 1, IPv4: 1, IPv6: 0, 最小延迟: 310 ms, 最高速率: 0.83 M/s, 平均速率: 0.83 M/s, 最高分辨率: 1280x720, 平均帧率: 25.00, 视频编解码器: h264, 音频编解码器: aac
分类: 天津频道, 名称: 滨海综艺, 有效: 0, IPv4: 2, IPv6: 0, 最小延迟: 434 ms, 最高速率: 0.44 M/s, 平均速率: 0.00 M/s, 最高分辨率: 1920x1080, 平均帧率: 未知, 视频编解码器: 未知, 音频编解码器: 未知
分类: 广西频道, 名称: 广西新闻, 有效: 2, IPv4: 5, IPv6: 0, 最小延迟: 86 ms, 最高速率: 5.36 M/s, 平均速率: 2.88 M/s, 最高分辨率: 1920x1080, 平均帧率: 27.50, 视频编解码器: h264, 音频编解码器: aac
分类: 天津频道, 名称: 滨海新闻, 有效: 0, IPv4: 2, IPv6: 0, 最小延迟: 416 ms, 最高速率: 0.39 M/s, 平均速率: 0.00 M/s, 最高分辨率: 1920x1080, 平均帧率: 25.00, 视频编解码器: h264, 音频编解码器: aac
分类: 天津频道, 名称: 天津文艺, 有效: 1, IPv4: 1, IPv6: 0, 最小延迟: 444 ms, 最高速率: 0.80 M/s, 平均速率: 0.80 M/s, 最高分辨率: 1280x720, 平均帧率: 60.00, 视频编解码器: h264, 音频编解码器: aac
分类: 四川频道, 名称: 凉山新闻综合, 有效: 0, IPv4: 1, IPv6: 0, 最小延迟: -1 ms, 最高速率: 0.00 M/s, 平均速率: 0.00 M/s, 最高分辨率: None, 平均帧率: 未知, 视频编解码器: 未知, 音频编解码器: 未知
分类: 四川频道, 名称: 乐至综合, 有效: 2, IPv4: 2, IPv6: 0, 最小延迟: 166 ms, 最高速率: 4.75 M/s, 平均速率: 2.93 M/s, 最高分辨率: 1920x1080, 平均帧率: 25.00, 视频编解码器: h264, 音频编解码器: aac
分类: 四川频道, 名称: 凉山语, 有效: 0, IPv4: 2, IPv6: 0, 最小延迟: -1 ms, 最高速率: 0.00 M/s, 平均速率: 0.00 M/s, 最高分辨率: None, 平均帧率: 未知, 视频编解码器: 未知, 音频编解码器: 未知
分类: 四川频道, 名称: 利州综合, 有效: 0, IPv4: 2, IPv6: 0, 最小延迟: -1 ms, 最高速率: 0.00 M/s, 平均速率: 0.00 M/s, 最高分辨率: None, 平均帧率: 未知, 视频编解码器: 未知, 音频编解码器: 未知
分类: 四川频道, 名称: 叙永综合, 有效: 0, IPv4: 1, IPv6: 0, 最小延迟: -1 ms, 最高速率: 0.00 M/s, 平均速率: 0.00 M/s, 最高分辨率: None, 平均帧率: 未知, 视频编解码器: 未知, 音频编解码器: 未知
分类: 天津频道, 名称: 津南一套, 有效: 0, IPv4: 1, IPv6: 0, 最小延迟: -1 ms, 最高速率: 0.00 M/s, 平均速率: 0.00 M/s, 最高分辨率: None, 平均帧率: 未知, 视频编解码器: 未知, 音频编解码器: 未知
分类: 四川频道, 名称: 康巴卫视, 有效: 2, IPv4: 2, IPv6: 0, 最小延迟: 71 ms, 最高速率: 54.58 M/s, 平均速率: 49.22 M/s, 最高分辨率: 1920x1080, 平均帧率: 30.00, 视频编解码器: h264, 音频编解码器: aac
分类: 四川频道, 名称: 四川科教, 有效: 0, IPv4: 1, IPv6: 0, 最小延迟: 982 ms, 最高速率: 0.27 M/s, 平均速率: 0.00 M/s, 最高分辨率: None, 平均帧率: 25.00, 视频编解码器: h264, 音频编解码器: aac
分类: 四川频道, 名称: 叙州新闻综合, 有效: 0, IPv4: 1, IPv6: 0, 最小延迟: -1 ms, 最高速率: 0.00 M/s, 平均速率: 0.00 M/s, 最高分辨率: None, 平均帧率: 未知, 视频编解码器: 未知, 音频编解码器: 未知
分类: 天津频道, 名称: 天津都市, 有效: 1, IPv4: 2, IPv6: 0, 最小延迟: 60 ms, 最高速率: 3.88 M/s, 平均速率: 3.88 M/s, 最高分辨率: 1280x720, 平均帧率: 30.00, 视频编解码器: h264, 音频编解码器: aac
分类: 天津频道, 名称: 天津新闻, 有效: 1, IPv4: 2, IPv6: 0, 最小延迟: 130 ms, 最高速率: 2.22 M/s, 平均速率: 2.22 M/s, 最高分辨率: 1280x720, 平均帧率: 25.00, 视频编解码器: h264, 音频编解码器: aac
分类: 四川频道, 名称: 金川乡村, 有效: 0, IPv4: 1, IPv6: 0, 最小延迟: 425 ms, 最高速率: 0.00 M/s, 平均速率: 0.00 M/s, 最高分辨率: None, 平均帧率: 未知, 视频编解码器: 未知, 音频编解码器: 未知
分类: 四川频道, 名称: 什邡新闻, 有效: 0, IPv4: 2, IPv6: 0, 最小延迟: -1 ms, 最高速率: 0.00 M/s, 平均速率: 0.00 M/s, 最高分辨率: None, 平均帧率: 未知, 视频编解码器: 未知, 音频编解码器: 未知
分类: 四川频道, 名称: 金川新闻综合, 有效: 0, IPv4: 2, IPv6: 0, 最小延迟: 218 ms, 最高速率: 0.00 M/s, 平均速率: 0.00 M/s, 最高分辨率: None, 平均帧率: 未知, 视频编解码器: 未知, 音频编解码器: 未知
分类: 四川频道, 名称: 长宁综合, 有效: 0, IPv4: 1, IPv6: 0, 最小延迟: -1 ms, 最高速率: 0.00 M/s, 平均速率: 0.00 M/s, 最高分辨率: None, 平均帧率: 未知, 视频编解码器: 未知, 音频编解码器: 未知
分类: 四川频道, 名称: 广元公共, 有效: 0, IPv4: 1, IPv6: 0, 最小延迟: -1 ms, 最高速率: 0.00 M/s, 平均速率: 0.00 M/s, 最高分辨率: None, 平均帧率: 未知, 视频编解码器: 未知, 音频编解码器: 未知
分类: 四川频道, 名称: 甘孜综合, 有效: 0, IPv4: 2, IPv6: 0, 最小延迟: -1 ms, 最高速率: 0.00 M/s, 平均速率: 0.00 M/s, 最高分辨率: None, 平均帧率: 未知, 视频编解码器: 未知, 音频编解码器: 未知
分类: 陕西频道, 名称: 陕西农林卫视, 有效: 0, IPv4: 1, IPv6: 0, 最小延迟: -1 ms, 最高速率: 0.00 M/s, 平均速率: 0.00 M/s, 最高分辨率: None, 平均帧率: 未知, 视频编解码器: 未知, 音频编解码器: 未知
分类: 福建频道, 名称: 三明新闻综合, 有效: 0, IPv4: 2, IPv6: 0, 最小延迟: -1 ms, 最高速率: 0.00 M/s, 平均速率: 0.00 M/s, 最高分辨率: None, 平均帧率: 未知, 视频编解码器: 未知, 音频编解码器: 未知
分类: 四川频道, 名称: 德阳公共, 有效: 0, IPv4: 2, IPv6: 0, 最小延迟: -1 ms, 最高速率: 0.00 M/s, 平均速率: 0.00 M/s, 最高分辨率: None, 平均帧率: 未知, 视频编解码器: 未知, 音频编解码器: 未知
分类: 四川频道, 名称: 德阳新闻综合, 有效: 0, IPv4: 1, IPv6: 0, 最小延迟: -1 ms, 最高速率: 0.00 M/s, 平均速率: 0.00 M/s, 最高分辨率: None, 平均帧率: 未知, 视频编解码器: 未知, 音频编解码器: 未知
分类: 福建频道, 名称: 福建文体, 有效: 4, IPv4: 4, IPv6: 0, 最小延迟: 65 ms, 最高速率: 53.86 M/s, 平均速率: 46.84 M/s, 最高分辨率: 1920x1080, 平均帧率: 30.00, 视频编解码器: h264, 音频编解码器: aac
分类: 四川频道, 名称: 青神综合, 有效: 0, IPv4: 2, IPv6: 0, 最小延迟: -1 ms, 最高速率: 0.00 M/s, 平均速率: 0.00 M/s, 最高分辨率: None, 平均帧率: 未知, 视频编解码器: 未知, 音频编解码器: 未知
分类: 福建频道, 名称: 福建新闻, 有效: 4, IPv4: 4, IPv6: 0, 最小延迟: 66 ms, 最高速率: 59.21 M/s, 平均速率: 45.61 M/s, 最高分辨率: 1920x1080, 平均帧率: 30.00, 视频编解码器: h264, 音频编解码器: aac
分类: 福建频道, 名称: 福建电视剧, 有效: 4, IPv4: 4, IPv6: 0, 最小延迟: 81 ms, 最高速率: 69.52 M/s, 平均速率: 50.81 M/s, 最高分辨率: 1920x1080, 平均帧率: 30.00, 视频编解码器: h264, 音频编解码器: aac
分类: 福建频道, 名称: 福建综合, 有效: 4, IPv4: 4, IPv6: 0, 最小延迟: 60 ms, 最高速率: 57.49 M/s, 平均速率: 55.39 M/s, 最高分辨率: 1920x1080, 平均帧率: 30.00, 视频编解码器: h264, 音频编解码器: aac
分类: 福建频道, 名称: 福建公共, 有效: 2, IPv4: 2, IPv6: 0, 最小延迟: 38 ms, 最高速率: 136.09 M/s, 平均速率: 116.28 M/s, 最高分辨率: 1920x1080, 平均帧率: 30.00, 视频编解码器: h264, 音频编解码器: aac
分类: 福建频道, 名称: 福建旅游, 有效: 4, IPv4: 4, IPv6: 0, 最小延迟: 52 ms, 最高速率: 87.69 M/s, 平均速率: 56.42 M/s, 最高分辨率: 1920x1080, 平均帧率: 30.00, 视频编解码器: h264, 音频编解码器: aac
分类: 福建频道, 名称: 福建少儿, 有效: 2, IPv4: 2, IPv6: 0, 最小延迟: 47 ms, 最高速率: 101.81 M/s, 平均速率: 72.45 M/s, 最高分辨率: 1920x1080, 平均帧率: 30.00, 视频编解码器: h264, 音频编解码器: aac
分类: 四川频道, 名称: 马尔康综合, 有效: 0, IPv4: 2, IPv6: 0, 最小延迟: -1 ms, 最高速率: 0.00 M/s, 平均速率: 0.00 M/s, 最高分辨率: None, 平均帧率: 未知, 视频编解码器: 未知, 音频编解码器: 未知
分类: 河南频道, 名称: 临颍综合, 有效: 0, IPv4: 1, IPv6: 0, 最小延迟: -1 ms, 最高速率: 0.00 M/s, 平均速率: 0.00 M/s, 最高分辨率: None, 平均帧率: 未知, 视频编解码器: 未知, 音频编解码器: 未知
分类: 河南频道, 名称: 义马新闻综合, 有效: 0, IPv4: 1, IPv6: 0, 最小延迟: -1 ms, 最高速率: 0.00 M/s, 平均速率: 0.00 M/s, 最高分辨率: None, 平均帧率: 未知, 视频编解码器: 未知, 音频编解码器: 未知
分类: 河南频道, 名称: 光山综合, 有效: 0, IPv4: 1, IPv6: 0, 最小延迟: -1 ms, 最高速率: 0.00 M/s, 平均速率: 0.00 M/s, 最高分辨率: None, 平均帧率: 未知, 视频编解码器: 未知, 音频编解码器: 未知
分类: 河南频道, 名称: 兰考新闻, 有效: 0, IPv4: 1, IPv6: 0, 最小延迟: -1 ms, 最高速率: 0.00 M/s, 平均速率: 0.00 M/s, 最高分辨率: None, 平均帧率: 未知, 视频编解码器: 未知, 音频编解码器: 未知
分类: 河南频道, 名称: 卫辉综合, 有效: 0, IPv4: 1, IPv6: 0, 最小延迟: -1 ms, 最高速率: 0.00 M/s, 平均速率: 0.00 M/s, 最高分辨率: None, 平均帧率: 未知, 视频编解码器: 未知, 音频编解码器: 未知
分类: 河南频道, 名称: 唐河一套, 有效: 0, IPv4: 1, IPv6: 0, 最小延迟: -1 ms, 最高速率: 0.00 M/s, 平均速率: 0.00 M/s, 最高分辨率: None, 平均帧率: 未知, 视频编解码器: 未知, 音频编解码器: 未知
分类: 河南频道, 名称: 固始综合, 有效: 0, IPv4: 1, IPv6: 0, 最小延迟: -1 ms, 最高速率: 0.00 M/s, 平均速率: 0.00 M/s, 最高分辨率: None, 平均帧率: 未知, 视频编解码器: 未知, 音频编解码器: 未知
分类: 河南频道, 名称: 宝丰综合, 有效: 0, IPv4: 1, IPv6: 0, 最小延迟: -1 ms, 最高速率: 0.00 M/s, 平均速率: 0.00 M/s, 最高分辨率: None, 平均帧率: 未知, 视频编解码器: 未知, 音频编解码器: 未知
分类: 河南频道, 名称: 巩义新闻综合, 有效: 0, IPv4: 1, IPv6: 0, 最小延迟: -1 ms, 最高速率: 0.00 M/s, 平均速率: 0.00 M/s, 最高分辨率: None, 平均帧率: 未知, 视频编解码器: 未知, 音频编解码器: 未知
分类: 河南频道, 名称: 扶沟综合, 有效: 0, IPv4: 2, IPv6: 0, 最小延迟: -1 ms, 最高速率: 0.00 M/s, 平均速率: 0.00 M/s, 最高分辨率: None, 平均帧率: 未知, 视频编解码器: 未知, 音频编解码器: 未知
分类: 河南频道, 名称: 新乡县电视台, 有效: 0, IPv4: 2, IPv6: 0, 最小延迟: -1 ms, 最高速率: 0.00 M/s, 平均速率: 0.00 M/s, 最高分辨率: None, 平均帧率: 未知, 视频编解码器: 未知, 音频编解码器: 未知
分类: 河南频道, 名称: 新县综合, 有效: 0, IPv4: 1, IPv6: 0, 最小延迟: -1 ms, 最高速率: 0.00 M/s, 平均速率: 0.00 M/s, 最高分辨率: None, 平均帧率: 未知, 视频编解码器: 未知, 音频编解码器: 未知
分类: 河南频道, 名称: 新蔡综合, 有效: 0, IPv4: 1, IPv6: 0, 最小延迟: -1 ms, 最高速率: 0.00 M/s, 平均速率: 0.00 M/s, 最高分辨率: None, 平均帧率: 未知, 视频编解码器: 未知, 音频编解码器: 未知
分类: 河南频道, 名称: 泌阳新闻综合, 有效: 0, IPv4: 1, IPv6: 0, 最小延迟: -1 ms, 最高速率: 0.00 M/s, 平均速率: 0.00 M/s, 最高分辨率: None, 平均帧率: 未知, 视频编解码器: 未知, 音频编解码器: 未知
分类: 河南频道, 名称: 渑池新闻综合, 有效: 0, IPv4: 1, IPv6: 0, 最小延迟: -1 ms, 最高速率: 0.00 M/s, 平均速率: 0.00 M/s, 最高分辨率: None, 平均帧率: 未知, 视频编解码器: 未知, 音频编解码器: 未知
分类: 河南频道, 名称: 温县综合, 有效: 0, IPv4: 2, IPv6: 0, 最小延迟: -1 ms, 最高速率: 0.00 M/s, 平均速率: 0.00 M/s, 最高分辨率: None, 平均帧率: 未知, 视频编解码器: 未知, 音频编解码器: 未知
分类: 河南频道, 名称: 潢川综合, 有效: 0, IPv4: 1, IPv6: 0, 最小延迟: -1 ms, 最高速率: 0.00 M/s, 平均速率: 0.00 M/s, 最高分辨率: None, 平均帧率: 未知, 视频编解码器: 未知, 音频编解码器: 未知
分类: 河南频道, 名称: 登封综合, 有效: 0, IPv4: 1, IPv6: 0, 最小延迟: -1 ms, 最高速率: 0.00 M/s, 平均速率: 0.00 M/s, 最高分辨率: None, 平均帧率: 未知, 视频编解码器: 未知, 音频编解码器: 未知
分类: 河南频道, 名称: 禹州综合, 有效: 0, IPv4: 2, IPv6: 0, 最小延迟: -1 ms, 最高速率: 0.00 M/s, 平均速率: 0.00 M/s, 最高分辨率: None, 平均帧率: 未知, 视频编解码器: 未知, 音频编解码器: 未知
分类: 河南频道, 名称: 郏县综合, 有效: 0, IPv4: 2, IPv6: 0, 最小延迟: -1 ms, 最高速率: 0.00 M/s, 平均速率: 0.00 M/s, 最高分辨率: None, 平均帧率: 未知, 视频编解码器: 未知, 音频编解码器: 未知
分类: 河南频道, 名称: 鄢陵综合, 有效: 0, IPv4: 1, IPv6: 0, 最小延迟: -1 ms, 最高速率: 0.00 M/s, 平均速率: 0.00 M/s, 最高分辨率: None, 平均帧率: 未知, 视频编解码器: 未知, 音频编解码器: 未知
分类: 河南频道, 名称: 项城新闻, 有效: 0, IPv4: 1, IPv6: 0, 最小延迟: -1 ms, 最高速率: 0.00 M/s, 平均速率: 0.00 M/s, 最高分辨率: None, 平均帧率: 未知, 视频编解码器: 未知, 音频编解码器: 未知
分类: 河南频道, 名称: 邓州新闻, 有效: 0, IPv4: 1, IPv6: 0, 最小延迟: -1 ms, 最高速率: 0.00 M/s, 平均速率: 0.00 M/s, 最高分辨率: None, 平均帧率: 未知, 视频编解码器: 未知, 音频编解码器: 未知
分类: 河南频道, 名称: 荥阳综合, 有效: 0, IPv4: 2, IPv6: 0, 最小延迟: -1 ms, 最高速率: 0.00 M/s, 平均速率: 0.00 M/s, 最高分辨率: None, 平均帧率: 未知, 视频编解码器: 未知, 音频编解码器: 未知
分类: 河南频道, 名称: 焦作综合, 有效: 0, IPv4: 1, IPv6: 0, 最小延迟: -1 ms, 最高速率: 0.00 M/s, 平均速率: 0.00 M/s, 最高分辨率: None, 平均帧率: 未知, 视频编解码器: 未知, 音频编解码器: 未知
分类: 河南频道, 名称: 焦作公共, 有效: 0, IPv4: 1, IPv6: 0, 最小延迟: -1 ms, 最高速率: 0.00 M/s, 平均速率: 0.00 M/s, 最高分辨率: None, 平均帧率: 未知, 视频编解码器: 未知, 音频编解码器: 未知
分类: 河南频道, 名称: 滑县新闻, 有效: 0, IPv4: 2, IPv6: 0, 最小延迟: -1 ms, 最高速率: 0.00 M/s, 平均速率: 0.00 M/s, 最高分辨率: None, 平均帧率: 未知, 视频编解码器: 未知, 音频编解码器: 未知
分类: 河南频道, 名称: 灵宝新闻综合, 有效: 0, IPv4: 2, IPv6: 0, 最小延迟: -1 ms, 最高速率: 0.00 M/s, 平均速率: 0.00 M/s, 最高分辨率: None, 平均帧率: 未知, 视频编解码器: 未知, 音频编解码器: 未知
分类: 河南频道, 名称: 济源电视一套, 有效: 0, IPv4: 2, IPv6: 0, 最小延迟: -1 ms, 最高速率: 0.00 M/s, 平均速率: 0.00 M/s, 最高分辨率: None, 平均帧率: 未知, 视频编解码器: 未知, 音频编解码器: 未知
分类: 河南频道, 名称: 沁阳新闻综合, 有效: 0, IPv4: 1, IPv6: 0, 最小延迟: -1 ms, 最高速率: 0.00 M/s, 平均速率: 0.00 M/s, 最高分辨率: None, 平均帧率: 未知, 视频编解码器: 未知, 音频编解码器: 未知
分类: 河南频道, 名称: 方城一套, 有效: 0, IPv4: 2, IPv6: 0, 最小延迟: -1 ms, 最高速率: 0.00 M/s, 平均速率: 0.00 M/s, 最高分辨率: None, 平均帧率: 未知, 视频编解码器: 未知, 音频编解码器: 未知
分类: 河南频道, 名称: 新野综合, 有效: 0, IPv4: 2, IPv6: 0, 最小延迟: -1 ms, 最高速率: 0.00 M/s, 平均速率: 0.00 M/s, 最高分辨率: None, 平均帧率: 未知, 视频编解码器: 未知, 音频编解码器: 未知
分类: 河南频道, 名称: 新安新闻综合, 有效: 0, IPv4: 2, IPv6: 0, 最小延迟: -1 ms, 最高速率: 0.00 M/s, 平均速率: 0.00 M/s, 最高分辨率: None, 平均帧率: 未知, 视频编解码器: 未知, 音频编解码器: 未知
分类: 河南频道, 名称: 开封新闻综合, 有效: 0, IPv4: 1, IPv6: 0, 最小延迟: -1 ms, 最高速率: 0.00 M/s, 平均速率: 0.00 M/s, 最高分辨率: None, 平均帧率: 未知, 视频编解码器: 未知, 音频编解码器: 未知
分类: 河南频道, 名称: 嵩县综合新闻, 有效: 0, IPv4: 2, IPv6: 0, 最小延迟: -1 ms, 最高速率: 0.00 M/s, 平均速率: 0.00 M/s, 最高分辨率: None, 平均帧率: 未知, 视频编解码器: 未知, 音频编解码器: 未知
分类: 福建频道, 名称: 福建海峡卫视, 有效: 4, IPv4: 9, IPv6: 0, 最小延迟: 74 ms, 最高速率: 71.37 M/s, 平均速率: 59.06 M/s, 最高分辨率: 1920x1080, 平均帧率: 30.00, 视频编解码器: h264, 音频编解码器: aac
分类: 河南频道, 名称: 内乡综合, 有效: 0, IPv4: 1, IPv6: 0, 最小延迟: -1 ms, 最高速率: 0.00 M/s, 平均速率: 0.00 M/s, 最高分辨率: None, 平均帧率: 未知, 视频编解码器: 未知, 音频编解码器: 未知
分类: 河南频道, 名称: 河南都市, 有效: 0, IPv4: 1, IPv6: 0, 最小延迟: -1 ms, 最高速率: 0.00 M/s, 平均速率: 0.00 M/s, 最高分辨率: None, 平均帧率: 未知, 视频编解码器: 未知, 音频编解码器: 未知
分类: 福建频道, 名称: 厦门卫视, 有效: 5, IPv4: 12, IPv6: 0, 最小延迟: 94 ms, 最高速率: 46.07 M/s, 平均速率: 15.85 M/s, 最高分辨率: 1920x1080, 平均帧率: 27.14, 视频编解码器: h264, 音频编解码器: aac
分类: 河北频道, 名称: 石家庄新闻综合, 有效: 0, IPv4: 1, IPv6: 0, 最小延迟: -1 ms, 最高速率: 0.00 M/s, 平均速率: 0.00 M/s, 最高分辨率: None, 平均帧率: 未知, 视频编解码器: 未知, 音频编解码器: 未知
分类: 河北频道, 名称: 石家庄都市, 有效: 0, IPv4: 1, IPv6: 0, 最小延迟: -1 ms, 最高速率: 0.00 M/s, 平均速率: 0.00 M/s, 最高分辨率: None, 平均帧率: 未知, 视频编解码器: 未知, 音频编解码器: 未知
分类: 贵州频道, 名称: 七星关电视台, 有效: 0, IPv4: 1, IPv6: 0, 最小延迟: -1 ms, 最高速率: 0.00 M/s, 平均速率: 0.00 M/s, 最高分辨率: None, 平均帧率: 未知, 视频编解码器: 未知, 音频编解码器: 未知
分类: 福建频道, 名称: 漳浦综合, 有效: 0, IPv4: 1, IPv6: 0, 最小延迟: -1 ms, 最高速率: 0.00 M/s, 平均速率: 0.00 M/s, 最高分辨率: None, 平均帧率: 未知, 视频编解码器: 未知, 音频编解码器: 未知
分类: 福建频道, 名称: 漳州新闻, 有效: 0, IPv4: 1, IPv6: 0, 最小延迟: -1 ms, 最高速率: 0.00 M/s, 平均速率: 0.00 M/s, 最高分辨率: None, 平均帧率: 未知, 视频编解码器: 未知, 音频编解码器: 未知
分类: 甘肃频道, 名称: 嘉峪关综合, 有效: 0, IPv4: 1, IPv6: 0, 最小延迟: -1 ms, 最高速率: 0.00 M/s, 平均速率: 0.00 M/s, 最高分辨率: None, 平均帧率: 未知, 视频编解码器: 未知, 音频编解码器: 未知
分类: 甘肃频道, 名称: 天祝综合, 有效: 0, IPv4: 1, IPv6: 0, 最小延迟: -1 ms, 最高速率: 0.00 M/s, 平均速率: 0.00 M/s, 最高分辨率: None, 平均帧率: 未知, 视频编解码器: 未知, 音频编解码器: 未知
分类: 甘肃频道, 名称: 定西综合, 有效: 0, IPv4: 1, IPv6: 0, 最小延迟: -1 ms, 最高速率: 0.00 M/s, 平均速率: 0.00 M/s, 最高分辨率: None, 平均帧率: 未知, 视频编解码器: 未知, 音频编解码器: 未知
分类: 河南频道, 名称: 周口扶沟, 有效: 0, IPv4: 1, IPv6: 0, 最小延迟: -1 ms, 最高速率: 0.00 M/s, 平均速率: 0.00 M/s, 最高分辨率: None, 平均帧率: 未知, 视频编解码器: 未知, 音频编解码器: 未知
分类: 甘肃频道, 名称: 岷县综合, 有效: 0, IPv4: 1, IPv6: 0, 最小延迟: -1 ms, 最高速率: 0.00 M/s, 平均速率: 0.00 M/s, 最高分辨率: None, 平均帧率: 未知, 视频编解码器: 未知, 音频编解码器: 未知
分类: 贵州频道, 名称: 松桃新闻, 有效: 0, IPv4: 1, IPv6: 0, 最小延迟: -1 ms, 最高速率: 0.00 M/s, 平均速率: 0.00 M/s, 最高分辨率: None, 平均帧率: 未知, 视频编解码器: 未知, 音频编解码器: 未知
分类: 甘肃频道, 名称: 成县综合, 有效: 0, IPv4: 1, IPv6: 0, 最小延迟: -1 ms, 最高速率: 0.00 M/s, 平均速率: 0.00 M/s, 最高分辨率: None, 平均帧率: 未知, 视频编解码器: 未知, 音频编解码器: 未知
分类: 甘肃频道, 名称: 景泰综合, 有效: 0, IPv4: 1, IPv6: 0, 最小延迟: -1 ms, 最高速率: 0.00 M/s, 平均速率: 0.00 M/s, 最高分辨率: None, 平均帧率: 未知, 视频编解码器: 未知, 音频编解码器: 未知
分类: 甘肃频道, 名称: 永昌综合, 有效: 0, IPv4: 1, IPv6: 0, 最小延迟: -1 ms, 最高速率: 0.00 M/s, 平均速率: 0.00 M/s, 最高分辨率: None, 平均帧率: 未知, 视频编解码器: 未知, 音频编解码器: 未知
分类: 贵州频道, 名称: 凤冈综合, 有效: 0, IPv4: 1, IPv6: 0, 最小延迟: -1 ms, 最高速率: 0.00 M/s, 平均速率: 0.00 M/s, 最高分辨率: None, 平均帧率: 未知, 视频编解码器: 未知, 音频编解码器: 未知
分类: 甘肃频道, 名称: 白银综合, 有效: 0, IPv4: 1, IPv6: 0, 最小延迟: -1 ms, 最高速率: 0.00 M/s, 平均速率: 0.00 M/s, 最高分辨率: None, 平均帧率: 未知, 视频编解码器: 未知, 音频编解码器: 未知
分类: 甘肃频道, 名称: 秦安综合, 有效: 0, IPv4: 1, IPv6: 0, 最小延迟: -1 ms, 最高速率: 0.00 M/s, 平均速率: 0.00 M/s, 最高分辨率: None, 平均帧率: 未知, 视频编解码器: 未知, 音频编解码器: 未知
分类: 甘肃频道, 名称: 西和综合, 有效: 0, IPv4: 1, IPv6: 0, 最小延迟: -1 ms, 最高速率: 0.00 M/s, 平均速率: 0.00 M/s, 最高分辨率: None, 平均帧率: 未知, 视频编解码器: 未知, 音频编解码器: 未知
分类: 甘肃频道, 名称: 西峰综合, 有效: 0, IPv4: 1, IPv6: 0, 最小延迟: -1 ms, 最高速率: 0.00 M/s, 平均速率: 0.00 M/s, 最高分辨率: None, 平均帧率: 未知, 视频编解码器: 未知, 音频编解码器: 未知
分类: 甘肃频道, 名称: 酒泉综合, 有效: 0, IPv4: 1, IPv6: 0, 最小延迟: -1 ms, 最高速率: 0.00 M/s, 平均速率: 0.00 M/s, 最高分辨率: None, 平均帧率: 未知, 视频编解码器: 未知, 音频编解码器: 未知
分类: 甘肃频道, 名称: 陇西综合, 有效: 0, IPv4: 1, IPv6: 0, 最小延迟: -1 ms, 最高速率: 0.00 M/s, 平均速率: 0.00 M/s, 最高分辨率: None, 平均帧率: 未知, 视频编解码器: 未知, 音频编解码器: 未知
分类: 甘肃频道, 名称: 靖远综合, 有效: 0, IPv4: 1, IPv6: 0, 最小延迟: -1 ms, 最高速率: 0.00 M/s, 平均速率: 0.00 M/s, 最高分辨率: None, 平均帧率: 未知, 视频编解码器: 未知, 音频编解码器: 未知
分类: 甘肃频道, 名称: 甘南综合, 有效: 0, IPv4: 2, IPv6: 0, 最小延迟: -1 ms, 最高速率: 0.00 M/s, 平均速率: 0.00 M/s, 最高分辨率: None, 平均帧率: 未知, 视频编解码器: 未知, 音频编解码器: 未知
分类: 新疆频道, 名称: 伊犁汉语综合, 有效: 0, IPv4: 2, IPv6: 0, 最小延迟: -1 ms, 最高速率: 0.00 M/s, 平均速率: 0.00 M/s, 最高分辨率: None, 平均帧率: 未知, 视频编解码器: 未知, 音频编解码器: 未知
分类: 甘肃频道, 名称: 静宁综合, 有效: 0, IPv4: 1, IPv6: 0, 最小延迟: -1 ms, 最高速率: 0.00 M/s, 平均速率: 0.00 M/s, 最高分辨率: None, 平均帧率: 未知, 视频编解码器: 未知, 音频编解码器: 未知
分类: 新疆频道, 名称: 伊犁维吾尔, 有效: 0, IPv4: 2, IPv6: 0, 最小延迟: 775 ms, 最高速率: 1.02 M/s, 平均速率: 0.00 M/s, 最高分辨率: None, 平均帧率: 25.00, 视频编解码器: h264, 音频编解码器: aac
分类: 新疆频道, 名称: 伊犁哈萨克, 有效: 0, IPv4: 2, IPv6: 0, 最小延迟: -1 ms, 最高速率: 0.00 M/s, 平均速率: 0.00 M/s, 最高分辨率: None, 平均帧率: 未知, 视频编解码器: 未知, 音频编解码器: 未知
分类: 新疆频道, 名称: 伊犁经济法制, 有效: 0, IPv4: 2, IPv6: 0, 最小延迟: -1 ms, 最高速率: 0.00 M/s, 平均速率: 0.00 M/s, 最高分辨率: None, 平均帧率: 未知, 视频编解码器: 未知, 音频编解码器: 未知
分类: 新疆频道, 名称: 巴音郭楞州, 有效: 0, IPv4: 1, IPv6: 0, 最小延迟: 403 ms, 最高速率: 0.17 M/s, 平均速率: 0.00 M/s, 最高分辨率: None, 平均帧率: 未知, 视频编解码器: 未知, 音频编解码器: 未知
分类: 新疆频道, 名称: 奎屯汉语综合, 有效: 0, IPv4: 2, IPv6: 0, 最小延迟: 414 ms, 最高速率: 0.10 M/s, 平均速率: 0.00 M/s, 最高分辨率: None, 平均帧率: 未知, 视频编解码器: 未知, 音频编解码器: 未知
分类: 新疆频道, 名称: 玛纳斯综合, 有效: 0, IPv4: 1, IPv6: 0, 最小延迟: 624 ms, 最高速率: 0.19 M/s, 平均速率: 0.00 M/s, 最高分辨率: None, 平均帧率: 未知, 视频编解码器: 未知, 音频编解码器: 未知
分类: 山东频道, 名称: 青岛城阳, 有效: 0, IPv4: 1, IPv6: 0, 最小延迟: -1 ms, 最高速率: 0.00 M/s, 平均速率: 0.00 M/s, 最高分辨率: None, 平均帧率: 未知, 视频编解码器: 未知, 音频编解码器: 未知
分类: 新疆频道, 名称: 兵团十三师新星综合, 有效: 0, IPv4: 1, IPv6: 0, 最小延迟: -1 ms, 最高速率: 0.00 M/s, 平均速率: 0.00 M/s, 最高分辨率: None, 平均帧率: 未知, 视频编解码器: 未知, 音频编解码器: 未知
分类: 新疆频道, 名称: 兵团十四师昆玉综合, 有效: 0, IPv4: 1, IPv6: 0, 最小延迟: -1 ms, 最高速率: 0.00 M/s, 平均速率: 0.00 M/s, 最高分辨率: None, 平均帧率: 未知, 视频编解码器: 未知, 音频编解码器: 未知
分类: 新疆频道, 名称: 可克达拉综合, 有效: 0, IPv4: 2, IPv6: 0, 最小延迟: -1 ms, 最高速率: 0.00 M/s, 平均速率: 0.00 M/s, 最高分辨率: None, 平均帧率: 未知, 视频编解码器: 未知, 音频编解码器: 未知
分类: 新疆频道, 名称: 石河子新闻综合, 有效: 0, IPv4: 1, IPv6: 0, 最小延迟: -1 ms, 最高速率: 0.00 M/s, 平均速率: 0.00 M/s, 最高分辨率: None, 平均帧率: 未知, 视频编解码器: 未知, 音频编解码器: 未知
分类: 山东频道, 名称: 山东少儿, 有效: 0, IPv4: 2, IPv6: 0, 最小延迟: -1 ms, 最高速率: 0.00 M/s, 平均速率: 0.00 M/s, 最高分辨率: None, 平均帧率: 未知, 视频编解码器: 未知, 音频编解码器: 未知
分类: 山东频道, 名称: 中华美食, 有效: 0, IPv4: 2, IPv6: 0, 最小延迟: -1 ms, 最高速率: 0.00 M/s, 平均速率: 0.00 M/s, 最高分辨率: None, 平均帧率: 未知, 视频编解码器: 未知, 音频编解码器: 未知
分类: 山东频道, 名称: 枣庄新闻综合, 有效: 0, IPv4: 2, IPv6: 0, 最小延迟: -1 ms, 最高速率: 0.00 M/s, 平均速率: 0.00 M/s, 最高分辨率: None, 平均帧率: 未知, 视频编解码器: 未知, 音频编解码器: 未知
分类: 山东频道, 名称: 枣庄教育, 有效: 0, IPv4: 1, IPv6: 0, 最小延迟: -1 ms, 最高速率: 0.00 M/s, 平均速率: 0.00 M/s, 最高分辨率: None, 平均帧率: 未知, 视频编解码器: 未知, 音频编解码器: 未知
分类: 山东频道, 名称: 菏泽影, 有效: 0, IPv4: 1, IPv6: 0, 最小延迟: -1 ms, 最高速率: 0.00 M/s, 平均速率: 0.00 M/s, 最高分辨率: None, 平均帧率: 未知, 视频编解码器: 未知, 音频编解码器: 未知
分类: 山东频道, 名称: 烟台公共, 有效: 0, IPv4: 1, IPv6: 0, 最小延迟: -1 ms, 最高速率: 0.00 M/s, 平均速率: 0.00 M/s, 最高分辨率: None, 平均帧率: 未知, 视频编解码器: 未知, 音频编解码器: 未知
分类: 山东频道, 名称: 菏泽新闻综合, 有效: 2, IPv4: 2, IPv6: 0, 最小延迟: 718 ms, 最高速率: 0.51 M/s, 平均速率: 0.47 M/s, 最高分辨率: 1280x720, 平均帧率: 25.00, 视频编解码器: h264, 音频编解码器: aac
分类: 山西频道, 名称: 原平综合, 有效: 0, IPv4: 1, IPv6: 0, 最小延迟: -1 ms, 最高速率: 0.00 M/s, 平均速率: 0.00 M/s, 最高分辨率: None, 平均帧率: 未知, 视频编解码器: 未知, 音频编解码器: 未知
分类: 山东频道, 名称: 烟台新闻综合, 有效: 0, IPv4: 2, IPv6: 0, 最小延迟: -1 ms, 最高速率: 0.00 M/s, 平均速率: 0.00 M/s, 最高分辨率: None, 平均帧率: 未知, 视频编解码器: 未知, 音频编解码器: 未知
分类: 山西频道, 名称: 平遥新闻综合, 有效: 0, IPv4: 1, IPv6: 0, 最小延迟: -1 ms, 最高速率: 0.00 M/s, 平均速率: 0.00 M/s, 最高分辨率: None, 平均帧率: 未知, 视频编解码器: 未知, 音频编解码器: 未知
分类: 山西频道, 名称: 汾西综合, 有效: 0, IPv4: 1, IPv6: 0, 最小延迟: 500 ms, 最高速率: 0.48 M/s, 平均速率: 0.00 M/s, 最高分辨率: 1920x1080, 平均帧率: 25.00, 视频编解码器: 未知, 音频编解码器: 未知
分类: 山西频道, 名称: 怀仁综合, 有效: 0, IPv4: 1, IPv6: 0, 最小延迟: 616 ms, 最高速率: 0.42 M/s, 平均速率: 0.00 M/s, 最高分辨率: 1920x1080, 平均帧率: 未知, 视频编解码器: 未知, 音频编解码器: 未知
分类: 山东频道, 名称: 菏泽经济生活, 有效: 1, IPv4: 2, IPv6: 0, 最小延迟: 482 ms, 最高速率: 0.77 M/s, 平均速率: 0.77 M/s, 最高分辨率: 1280x720, 平均帧率: 25.00, 视频编解码器: h264, 音频编解码器: aac
分类: 山西频道, 名称: 阳曲综合, 有效: 0, IPv4: 1, IPv6: 0, 最小延迟: 490 ms, 最高速率: 0.29 M/s, 平均速率: 0.00 M/s, 最高分辨率: 1920x1080, 平均帧率: 未知, 视频编解码器: 未知, 音频编解码器: 未知
分类: 山东频道, 名称: 烟台经济科技, 有效: 0, IPv4: 2, IPv6: 0, 最小延迟: -1 ms, 最高速率: 0.00 M/s, 平均速率: 0.00 M/s, 最高分辨率: None, 平均帧率: 未知, 视频编解码器: 未知, 音频编解码器: 未知
分类: 山西频道, 名称: 黎城综合, 有效: 0, IPv4: 1, IPv6: 0, 最小延迟: -1 ms, 最高速率: 0.00 M/s, 平均速率: 0.00 M/s, 最高分辨率: None, 平均帧率: 未知, 视频编解码器: 未知, 音频编解码器: 未知
分类: 山西频道, 名称: 高平综合, 有效: 0, IPv4: 1, IPv6: 0, 最小延迟: -1 ms, 最高速率: 0.00 M/s, 平均速率: 0.00 M/s, 最高分辨率: None, 平均帧率: 未知, 视频编解码器: 未知, 音频编解码器: 未知
分类: 山西频道, 名称: 定襄综合, 有效: 0, IPv4: 1, IPv6: 0, 最小延迟: -1 ms, 最高速率: 0.00 M/s, 平均速率: 0.00 M/s, 最高分辨率: None, 平均帧率: 未知, 视频编解码器: 未知, 音频编解码器: 未知
分类: 山西频道, 名称: 闻喜综合, 有效: 0, IPv4: 1, IPv6: 0, 最小延迟: -1 ms, 最高速率: 0.00 M/s, 平均速率: 0.00 M/s, 最高分辨率: None, 平均帧率: 未知, 视频编解码器: 未知, 音频编解码器: 未知
分类: 宁夏频道, 名称: 宁夏经济, 有效: 0, IPv4: 1, IPv6: 0, 最小延迟: -1 ms, 最高速率: 0.00 M/s, 平均速率: 0.00 M/s, 最高分辨率: None, 平均帧率: 未知, 视频编解码器: 未知, 音频编解码器: 未知
分类: 安徽频道, 名称: 灵璧综合, 有效: 0, IPv4: 1, IPv6: 0, 最小延迟: 826 ms, 最高速率: 0.28 M/s, 平均速率: 0.00 M/s, 最高分辨率: 640x480, 平均帧率: 25.00, 视频编解码器: h264, 音频编解码器: aac
分类: 山西频道, 名称: 古县综合, 有效: 0, IPv4: 1, IPv6: 0, 最小延迟: -1 ms, 最高速率: 0.00 M/s, 平均速率: 0.00 M/s, 最高分辨率: None, 平均帧率: 未知, 视频编解码器: 未知, 音频编解码器: 未知
分类: 宁夏频道, 名称: 宁夏少儿, 有效: 0, IPv4: 1, IPv6: 0, 最小延迟: -1 ms, 最高速率: 0.00 M/s, 平均速率: 0.00 M/s, 最高分辨率: None, 平均帧率: 未知, 视频编解码器: 未知, 音频编解码器: 未知
分类: 山西频道, 名称: 潞城新闻综合, 有效: 0, IPv4: 1, IPv6: 0, 最小延迟: -1 ms, 最高速率: 0.00 M/s, 平均速率: 0.00 M/s, 最高分辨率: None, 平均帧率: 未知, 视频编解码器: 未知, 音频编解码器: 未知
分类: 山西频道, 名称: 长子综合, 有效: 0, IPv4: 1, IPv6: 0, 最小延迟: -1 ms, 最高速率: 0.00 M/s, 平均速率: 0.00 M/s, 最高分辨率: None, 平均帧率: 未知, 视频编解码器: 未知, 音频编解码器: 未知
分类: 安徽频道, 名称: 安徽影视, 有效: 0, IPv4: 1, IPv6: 0, 最小延迟: -1 ms, 最高速率: 0.00 M/s, 平均速率: 0.00 M/s, 最高分辨率: None, 平均帧率: 未知, 视频编解码器: 未知, 音频编解码器: 未知
分类: 安徽频道, 名称: 安徽经济生活, 有效: 0, IPv4: 1, IPv6: 0, 最小延迟: -1 ms, 最高速率: 0.00 M/s, 平均速率: 0.00 M/s, 最高分辨率: None, 平均帧率: 未知, 视频编解码器: 未知, 音频编解码器: 未知
分类: 安徽频道, 名称: 安徽综艺体育, 有效: 0, IPv4: 1, IPv6: 0, 最小延迟: -1 ms, 最高速率: 0.00 M/s, 平均速率: 0.00 M/s, 最高分辨率: None, 平均帧率: 未知, 视频编解码器: 未知, 音频编解码器: 未知
分类: 吉林频道, 名称: 吉林都市, 有效: 3, IPv4: 3, IPv6: 0, 最小延迟: 125 ms, 最高速率: 1.31 M/s, 平均速率: 0.91 M/s, 最高分辨率: 1280x720, 平均帧率: 25.00, 视频编解码器: h264, 音频编解码器: aac
分类: 吉林频道, 名称: 吉林生活, 有效: 2, IPv4: 3, IPv6: 0, 最小延迟: 59 ms, 最高速率: 1.43 M/s, 平均速率: 1.38 M/s, 最高分辨率: 1280x720, 平均帧率: 25.00, 视频编解码器: h264, 音频编解码器: aac
分类: 宁夏频道, 名称: 吴忠综合, 有效: 0, IPv4: 1, IPv6: 0, 最小延迟: -1 ms, 最高速率: 0.00 M/s, 平均速率: 0.00 M/s, 最高分辨率: None, 平均帧率: 未知, 视频编解码器: 未知, 音频编解码器: 未知
分类: 宁夏频道, 名称: 吴忠公共, 有效: 0, IPv4: 1, IPv6: 0, 最小延迟: -1 ms, 最高速率: 0.00 M/s, 平均速率: 0.00 M/s, 最高分辨率: None, 平均帧率: 未知, 视频编解码器: 未知, 音频编解码器: 未知
分类: 吉林频道, 名称: 德惠综合, 有效: 0, IPv4: 1, IPv6: 0, 最小延迟: 494 ms, 最高速率: 0.12 M/s, 平均速率: 0.00 M/s, 最高分辨率: None, 平均帧率: 未知, 视频编解码器: 未知, 音频编解码器: 未知
分类: 吉林频道, 名称: 九台综合, 有效: 0, IPv4: 1, IPv6: 0, 最小延迟: 593 ms, 最高速率: 0.20 M/s, 平均速率: 0.00 M/s, 最高分辨率: 720x576, 平均帧率: 25.00, 视频编解码器: h264, 音频编解码器: aac
分类: 吉林频道, 名称: 延边卫视, 有效: 2, IPv4: 5, IPv6: 0, 最小延迟: 110 ms, 最高速率: 40.08 M/s, 平均速率: 39.52 M/s, 最高分辨率: 1920x1080, 平均帧率: 30.00, 视频编解码器: h264, 音频编解码器: aac
分类: 吉林频道, 名称: 靖宇综合, 有效: 0, IPv4: 1, IPv6: 0, 最小延迟: 332 ms, 最高速率: 0.23 M/s, 平均速率: 0.00 M/s, 最高分辨率: 720x576, 平均帧率: 25.00, 视频编解码器: h264, 音频编解码器: aac
分类: 吉林频道, 名称: 敦化一套, 有效: 0, IPv4: 2, IPv6: 0, 最小延迟: 254 ms, 最高速率: 0.22 M/s, 平均速率: 0.00 M/s, 最高分辨率: 320x240, 平均帧率: 25.00, 视频编解码器: h264, 音频编解码器: aac
分类: 吉林频道, 名称: 龙井综合, 有效: 0, IPv4: 1, IPv6: 0, 最小延迟: 292 ms, 最高速率: 0.25 M/s, 平均速率: 0.00 M/s, 最高分辨率: 720x576, 平均帧率: 25.00, 视频编解码器: h264, 音频编解码器: aac
分类: 吉林频道, 名称: 桦甸综合, 有效: 0, IPv4: 2, IPv6: 0, 最小延迟: 278 ms, 最高速率: 0.24 M/s, 平均速率: 0.00 M/s, 最高分辨率: 720x576, 平均帧率: 25.00, 视频编解码器: h264, 音频编解码器: aac
分类: 吉林频道, 名称: 延边-1, 有效: 0, IPv4: 1, IPv6: 0, 最小延迟: -1 ms, 最高速率: 0.00 M/s, 平均速率: 0.00 M/s, 最高分辨率: None, 平均帧率: 未知, 视频编解码器: 未知, 音频编解码器: 未知
分类: 吉林频道, 名称: 磐石综合, 有效: 0, IPv4: 2, IPv6: 0, 最小延迟: 350 ms, 最高速率: 0.59 M/s, 平均速率: 0.00 M/s, 最高分辨率: 720x576, 平均帧率: 25.00, 视频编解码器: h264, 音频编解码器: aac
分类: 吉林频道, 名称: 延边-2, 有效: 0, IPv4: 2, IPv6: 0, 最小延迟: -1 ms, 最高速率: 0.00 M/s, 平均速率: 0.00 M/s, 最高分辨率: None, 平均帧率: 未知, 视频编解码器: 未知, 音频编解码器: 未知
分类: 吉林频道, 名称: 延边汉语综合, 有效: 0, IPv4: 1, IPv6: 0, 最小延迟: -1 ms, 最高速率: 0.00 M/s, 平均速率: 0.00 M/s, 最高分辨率: None, 平均帧率: 未知, 视频编解码器: 未知, 音频编解码器: 未知
分类: 吉林频道, 名称: 东丰综合, 有效: 0, IPv4: 2, IPv6: 0, 最小延迟: 502 ms, 最高速率: 0.48 M/s, 平均速率: 0.00 M/s, 最高分辨率: 720x576, 平均帧率: 25.00, 视频编解码器: h264, 音频编解码器: aac
分类: 内蒙古频道, 名称: 内蒙古综合, 有效: 0, IPv4: 1, IPv6: 0, 最小延迟: -1 ms, 最高速率: 0.00 M/s, 平均速率: 0.00 M/s, 最高分辨率: None, 平均帧率: 未知, 视频编解码器: 未知, 音频编解码器: 未知
分类: 内蒙古频道, 名称: 内蒙古经济生活, 有效: 0, IPv4: 1, IPv6: 0, 最小延迟: -1 ms, 最高速率: 0.00 M/s, 平均速率: 0.00 M/s, 最高分辨率: None, 平均帧率: 未知, 视频编解码器: 未知, 音频编解码器: 未知
分类: 吉林频道, 名称: 双辽综合, 有效: 0, IPv4: 2, IPv6: 0, 最小延迟: 266 ms, 最高速率: 0.25 M/s, 平均速率: 0.00 M/s, 最高分辨率: 320x240, 平均帧率: 25.00, 视频编解码器: h264, 音频编解码器: aac
分类: 内蒙古频道, 名称: 内蒙古少儿, 有效: 0, IPv4: 1, IPv6: 0, 最小延迟: -1 ms, 最高速率: 0.00 M/s, 平均速率: 0.00 M/s, 最高分辨率: None, 平均帧率: 未知, 视频编解码器: 未知, 音频编解码器: 未知
分类: 内蒙古频道, 名称: 内蒙古文体娱乐, 有效: 0, IPv4: 1, IPv6: 0, 最小延迟: -1 ms, 最高速率: 0.00 M/s, 平均速率: 0.00 M/s, 最高分辨率: None, 平均帧率: 未知, 视频编解码器: 未知, 音频编解码器: 未知
分类: 内蒙古频道, 名称: 内蒙古农牧, 有效: 0, IPv4: 1, IPv6: 0, 最小延迟: -1 ms, 最高速率: 0.00 M/s, 平均速率: 0.00 M/s, 最高分辨率: None, 平均帧率: 未知, 视频编解码器: 未知, 音频编解码器: 未知
分类: 内蒙古频道, 名称: 内蒙古蒙语文化, 有效: 0, IPv4: 1, IPv6: 0, 最小延迟: -1 ms, 最高速率: 0.00 M/s, 平均速率: 0.00 M/s, 最高分辨率: None, 平均帧率: 未知, 视频编解码器: 未知, 音频编解码器: 未知
分类: 云南频道, 名称: 昆明经济生活, 有效: 0, IPv4: 1, IPv6: 0, 最小延迟: -1 ms, 最高速率: 0.00 M/s, 平均速率: 0.00 M/s, 最高分辨率: None, 平均帧率: 未知, 视频编解码器: 未知, 音频编解码器: 未知
分类: 吉林频道, 名称: 柳河综合, 有效: 0, IPv4: 2, IPv6: 0, 最小延迟: 391 ms, 最高速率: 0.35 M/s, 平均速率: 0.00 M/s, 最高分辨率: 720x576, 平均帧率: 25.00, 视频编解码器: h264, 音频编解码器: aac
分类: 吉林频道, 名称: 通化县综合, 有效: 0, IPv4: 1, IPv6: 0, 最小延迟: -1 ms, 最高速率: 0.00 M/s, 平均速率: 0.00 M/s, 最高分辨率: None, 平均帧率: 未知, 视频编解码器: 未知, 音频编解码器: 未知
分类: 吉林频道, 名称: 汪清综合, 有效: 0, IPv4: 2, IPv6: 0, 最小延迟: 249 ms, 最高速率: 0.24 M/s, 平均速率: 0.00 M/s, 最高分辨率: 320x240, 平均帧率: 25.00, 视频编解码器: h264, 音频编解码器: aac
分类: 青海频道, 名称: 门源综合, 有效: 0, IPv4: 2, IPv6: 0, 最小延迟: -1 ms, 最高速率: 0.00 M/s, 平均速率: 0.00 M/s, 最高分辨率: None, 平均帧率: 未知, 视频编解码器: 未知, 音频编解码器: 未知
分类: 青海频道, 名称: 青海经视, 有效: 0, IPv4: 1, IPv6: 0, 最小延迟: -1 ms, 最高速率: 0.00 M/s, 平均速率: 0.00 M/s, 最高分辨率: None, 平均帧率: 未知, 视频编解码器: 未知, 音频编解码器: 未知
分类: 青海频道, 名称: 化隆综合, 有效: 0, IPv4: 1, IPv6: 0, 最小延迟: -1 ms, 最高速率: 0.00 M/s, 平均速率: 0.00 M/s, 最高分辨率: None, 平均帧率: 未知, 视频编解码器: 未知, 音频编解码器: 未知
分类: 青海频道, 名称: 民和综合, 有效: 0, IPv4: 2, IPv6: 0, 最小延迟: -1 ms, 最高速率: 0.00 M/s, 平均速率: 0.00 M/s, 最高分辨率: None, 平均帧率: 未知, 视频编解码器: 未知, 音频编解码器: 未知
分类: 青海频道, 名称: 兴海综合, 有效: 0, IPv4: 1, IPv6: 0, 最小延迟: -1 ms, 最高速率: 0.00 M/s, 平均速率: 0.00 M/s, 最高分辨率: None, 平均帧率: 未知, 视频编解码器: 未知, 音频编解码器: 未知
分类: 青海频道, 名称: 大通电视台, 有效: 0, IPv4: 1, IPv6: 0, 最小延迟: -1 ms, 最高速率: 0.00 M/s, 平均速率: 0.00 M/s, 最高分辨率: None, 平均帧率: 未知, 视频编解码器: 未知, 音频编解码器: 未知
分类: 青海频道, 名称: 湟中电视台, 有效: 0, IPv4: 1, IPv6: 0, 最小延迟: -1 ms, 最高速率: 0.00 M/s, 平均速率: 0.00 M/s, 最高分辨率: None, 平均帧率: 未知, 视频编解码器: 未知, 音频编解码器: 未知
分类: 动画频道, 名称: Nick Jr. 儿童频道, 有效: 0, IPv4: 1, IPv6: 0, 最小延迟: -1 ms, 最高速率: 0.00 M/s, 平均速率: 0.00 M/s, 最高分辨率: None, 平均帧率: 未知, 视频编解码器: 未知, 音频编解码器: 未知
分类: 黑龙江频道, 名称: 哈尔滨生活, 有效: 0, IPv4: 1, IPv6: 0, 最小延迟: 738 ms, 最高速率: 0.23 M/s, 平均速率: 0.00 M/s, 最高分辨率: 640x480, 平均帧率: 25.00, 视频编解码器: h264, 音频编解码器: aac
分类: 动画频道, 名称: CN卡通, 有效: 1, IPv4: 1, IPv6: 0, 最小延迟: 114 ms, 最高速率: 2.54 M/s, 平均速率: 2.54 M/s, 最高分辨率: 1920x1080, 平均帧率: 59.94, 视频编解码器: h264, 音频编解码器: aac
分类: 黑龙江频道, 名称: 哈尔滨影视, 有效: 0, IPv4: 2, IPv6: 0, 最小延迟: 352 ms, 最高速率: 0.32 M/s, 平均速率: 0.00 M/s, 最高分辨率: 640x480, 平均帧率: 25.00, 视频编解码器: h264, 音频编解码器: aac
分类: 黑龙江频道, 名称: 鹤岗新闻综合, 有效: 0, IPv4: 1, IPv6: 0, 最小延迟: -1 ms, 最高速率: 0.00 M/s, 平均速率: 0.00 M/s, 最高分辨率: None, 平均帧率: 未知, 视频编解码器: 未知, 音频编解码器: 未知
分类: 黑龙江频道, 名称: 七台河新闻综合, 有效: 0, IPv4: 1, IPv6: 0, 最小延迟: -1 ms, 最高速率: 0.00 M/s, 平均速率: 0.00 M/s, 最高分辨率: None, 平均帧率: 未知, 视频编解码器: 未知, 音频编解码器: 未知
分类: 黑龙江频道, 名称: 甘南县综合, 有效: 0, IPv4: 1, IPv6: 0, 最小延迟: -1 ms, 最高速率: 0.00 M/s, 平均速率: 0.00 M/s, 最高分辨率: None, 平均帧率: 未知, 视频编解码器: 未知, 音频编解码器: 未知
分类: 黑龙江频道, 名称: 佳木斯新闻综合, 有效: 0, IPv4: 1, IPv6: 0, 最小延迟: -1 ms, 最高速率: 0.00 M/s, 平均速率: 0.00 M/s, 最高分辨率: None, 平均帧率: 未知, 视频编解码器: 未知, 音频编解码器: 未知
分类: 动画频道, 名称: 广东少儿, 有效: 4, IPv4: 6, IPv6: 0, 最小延迟: 91 ms, 最高速率: 2.09 M/s, 平均速率: 1.37 M/s, 最高分辨率: 1280x720, 平均帧率: 26.25, 视频编解码器: h264, 音频编解码器: aac
分类: 动画频道, 名称: 火影忍者, 有效: 0, IPv4: 2, IPv6: 0, 最小延迟: 726 ms, 最高速率: 0.26 M/s, 平均速率: 0.00 M/s, 最高分辨率: 1920x1080, 平均帧率: 30.00, 视频编解码器: h264, 音频编解码器: aac
分类: 动画频道, 名称: 黑莓动画, 有效: 2, IPv4: 7, IPv6: 0, 最小延迟: 65 ms, 最高速率: 60.18 M/s, 平均速率: 48.42 M/s, 最高分辨率: 1920x1080, 平均帧率: 30.00, 视频编解码器: h264, 音频编解码器: aac
分类: 动画频道, 名称: 嘉佳卡通, 有效: 6, IPv4: 17, IPv6: 0, 最小延迟: 96 ms, 最高速率: 45.85 M/s, 平均速率: 27.07 M/s, 最高分辨率: 1920x1080, 平均帧率: 28.12, 视频编解码器: h264, 音频编解码器: aac
分类: 动画频道, 名称: 蜡笔小新, 有效: 0, IPv4: 2, IPv6: 0, 最小延迟: 133 ms, 最高速率: 0.88 M/s, 平均速率: 0.00 M/s, 最高分辨率: 1024x784, 平均帧率: 25.00, 视频编解码器: h264, 音频编解码器: aac
分类: 动画频道, 名称: 中华小当家, 有效: 0, IPv4: 1, IPv6: 0, 最小延迟: -1 ms, 最高速率: 0.00 M/s, 平均速率: 0.00 M/s, 最高分辨率: None, 平均帧率: 未知, 视频编解码器: 未知, 音频编解码器: 未知
分类: 动画频道, 名称: 猫和老鼠, 有效: 0, IPv4: 2, IPv6: 0, 最小延迟: 699 ms, 最高速率: 1.10 M/s, 平均速率: 0.00 M/s, 最高分辨率: 640x464, 平均帧率: 24.00, 视频编解码器: h264, 音频编解码器: aac
分类: 动画频道, 名称: 七龙珠, 有效: 0, IPv4: 1, IPv6: 0, 最小延迟: 415 ms, 最高速率: 0.05 M/s, 平均速率: 0.00 M/s, 最高分辨率: None, 平均帧率: 未知, 视频编解码器: 未知, 音频编解码器: 未知
分类: 动画频道, 名称: 金鹰卡通, 有效: 6, IPv4: 12, IPv6: 0, 最小延迟: 62 ms, 最高速率: 58.28 M/s, 平均速率: 38.18 M/s, 最高分辨率: 1920x1080, 平均帧率: 30.00, 视频编解码器: h264, 音频编解码器: aac
分类: 动画频道, 名称: 海绵宝宝, 有效: 0, IPv4: 2, IPv6: 0, 最小延迟: 843 ms, 最高速率: 0.06 M/s, 平均速率: 0.00 M/s, 最高分辨率: None, 平均帧率: 未知, 视频编解码器: 未知, 音频编解码器: 未知
分类: 动画频道, 名称: 新动漫, 有效: 2, IPv4: 7, IPv6: 0, 最小延迟: 83 ms, 最高速率: 48.64 M/s, 平均速率: 45.49 M/s, 最高分辨率: 1920x1080, 平均帧率: 30.00, 视频编解码器: h264, 音频编解码器: aac
